MPLINK 4.48, Linker
Linker Map File - Created Wed Jul 29 22:50:33 2015

                                 Section Info
                  Section       Type    Address   Location Size(Bytes)
                ---------  ---------  ---------  ---------  ---------
               _entry_scn       code   0x000000    program   0x000006
              high_vector       code   0x000008    program   0x000020
                   .cinit    romdata   0x00003a    program   0x000092
              .code_MMD.o       code   0x0000cc    program   0x001a32
           .code_mbfunc.o       code   0x001afe    program   0x001944
              .code_app.o       code   0x003442    program   0x000f4e
       .code_rtc_driver.o       code   0x004390    program   0x000994
               .code_mb.o       code   0x004d24    program   0x0007a6
           .romdata_MMD.o    romdata   0x0054ca    program   0x0003b8
             .code_uart.o       code   0x005882    program   0x00034e
            .code_timer.o       code   0x005bd0    program   0x00029c
     .code_linearkeypad.o       code   0x005e6c    program   0x00028e
             .code_main.o       code   0x0060fa    program   0x000254
       .code_i2c_driver.o       code   0x00634e    program   0x000246
            .romdata_mb.o    romdata   0x006594    program   0x000200
                   STDLIB       code   0x006794    program   0x0000ea
                   STRING       code   0x00687e    program   0x0000a6
               _cinit_scn       code   0x006924    program   0x00009e
            .code_uopen.o       code   0x0069c2    program   0x00008a
          .code_fxm3232.o       code   0x006a4c    program   0x000070
             .stringtable    romdata   0x006abc    program   0x00004c
         .code_fxd3232u.o       code   0x006b08    program   0x000048
           .code_t1open.o       code   0x006b50    program   0x000042
            .code_uread.o       code   0x006b92    program   0x00003e
     .code_digit_driver.o       code   0x006bd0    program   0x00003e
                     PROG       code   0x006c0e    program   0x00003c
          .code_t1write.o       code   0x006c4a    program   0x000038
          .code_t0write.o       code   0x006c82    program   0x000038
           .code_t0open.o       code   0x006cba    program   0x000038
           .code_uwrite.o       code   0x006cf2    program   0x00002e
            .code_board.o       code   0x006d20    program   0x00002e
         .code_fxd1616u.o       code   0x006d4e    program   0x00002c
              D1KTCYXCODE       code   0x006d7a    program   0x000020
                    .code       code   0x006d9a    program   0x000020
             _startup_scn       code   0x006dba    program   0x00001c
        .code_heartBeat.o       code   0x006dd6    program   0x00001a
              D10TCYXCODE       code   0x006df0    program   0x000016
           .code___init.o       code   0x006e06    program   0x000002
               uartdata_i    romdata   0x006e08    program   0x00007e
               TMR_DATA_i    romdata   0x006e86    program   0x000008
               RTC_DATA_i    romdata   0x006e8e    program   0x000011
               MMD_DATA_i    romdata   0x006e9f    program   0x0000b6
               MB_SALVE_i    romdata   0x006f55    program   0x000046
               LKP_DATA_i    romdata   0x006f9b    program   0x00000f
               APP_DATA_i    romdata   0x006faa    program   0x000026
         .idata_udefs.o_i    romdata   0x006fd0    program   0x000000
        .romdata_mbfunc.o    romdata   0x006fd0    program   0x000000
         .romdata_c018i.o    romdata   0x006fd0    program   0x000000
.romdata_interruptvector.o    romdata   0x006fd0    program   0x000000
      .romdata_fxd1616u.o    romdata   0x006fd0    program   0x000000
    .romdata_i2c_driver.o    romdata   0x006fd0    program   0x000000
      .romdata_fxd3232u.o    romdata   0x006fd0    program   0x000000
     .romdata_heartBeat.o    romdata   0x006fd0    program   0x000000
       .romdata_fxm3232.o    romdata   0x006fd0    program   0x000000
        .romdata_t0open.o    romdata   0x006fd0    program   0x000000
  .romdata_digit_driver.o    romdata   0x006fd0    program   0x000000
        .romdata_t1open.o    romdata   0x006fd0    program   0x000000
         .idata_uopen.o_i    romdata   0x006fd0    program   0x000000
         .romdata_uopen.o    romdata   0x006fd0    program   0x000000
         .romdata_board.o    romdata   0x006fd0    program   0x000000
         .idata_uread.o_i    romdata   0x006fd0    program   0x000000
         .romdata_uread.o    romdata   0x006fd0    program   0x000000
       .romdata_t1write.o    romdata   0x006fd0    program   0x000000
        .idata_uwrite.o_i    romdata   0x006fd0    program   0x000000
       .romdata_t0write.o    romdata   0x006fd0    program   0x000000
           .romdata_app.o    romdata   0x006fd0    program   0x000000
    .romdata_rtc_driver.o    romdata   0x006fd0    program   0x000000
         .romdata_udefs.o    romdata   0x006fd0    program   0x000000
        .romdata_uwrite.o    romdata   0x006fd0    program   0x000000
         .idata_timer.o_i    romdata   0x006fd0    program   0x000010
         .romdata_timer.o    romdata   0x006fd0    program   0x000000
        .romdata___init.o    romdata   0x006fd0    program   0x000000
  .romdata_linearkeypad.o    romdata   0x006fd0    program   0x000000
          .romdata_main.o    romdata   0x006fd0    program   0x000000
          .idata_uart.o_i    romdata   0x006fd0    program   0x000000
          .romdata_uart.o    romdata   0x006fd0    program   0x000000
       .idata_t1write.o_i    romdata   0x006fe0    program   0x000000
        .idata_t0open.o_i    romdata   0x006fe0    program   0x000000
    .idata_rtc_driver.o_i    romdata   0x006fe0    program   0x000027
        .idata_t1open.o_i    romdata   0x006fe0    program   0x000000
       .idata_t0write.o_i    romdata   0x006fe0    program   0x000000
.idata_interruptvector.o_i    romdata   0x007007    program   0x000000
    .idata_i2c_driver.o_i    romdata   0x007007    program   0x000000
  .idata_linearkeypad.o_i    romdata   0x007007    program   0x000000
            .idata_mb.o_i    romdata   0x007007    program   0x000000
     .idata_heartBeat.o_i    romdata   0x007007    program   0x000001
        .idata_mbfunc.o_i    romdata   0x007007    program   0x000000
          .idata_main.o_i    romdata   0x007007    program   0x000000
  .idata_digit_driver.o_i    romdata   0x007008    program   0x00000b
       .idata_fxm3232.o_i    romdata   0x007008    program   0x000000
      .idata_fxd3232u.o_i    romdata   0x007008    program   0x000000
      .idata_fxd1616u.o_i    romdata   0x007008    program   0x000000
         .idata_c018i.o_i    romdata   0x007013    program   0x000000
         .idata_board.o_i    romdata   0x007013    program   0x000000
           .idata_app.o_i    romdata   0x007013    program   0x000008
           .idata_MMD.o_i    romdata   0x00701b    program   0x000000
        .idata___init.o_i    romdata   0x00701b    program   0x000000
  .code_interruptvector.o       code   0x00701c    program   0x000000
            .code_udefs.o       code   0x00701c    program   0x000000
            .code_c018i.o       code   0x00701c    program   0x000000
    .config_300001_main.o    romdata   0x300001    program   0x000001
    .config_300002_main.o    romdata   0x300002    program   0x000001
    .config_300003_main.o    romdata   0x300003    program   0x000001
    .config_300005_main.o    romdata   0x300005    program   0x000001
    .config_300006_main.o    romdata   0x300006    program   0x000001
    .config_300008_main.o    romdata   0x300008    program   0x000001
    .config_300009_main.o    romdata   0x300009    program   0x000001
    .config_30000a_main.o    romdata   0x30000a    program   0x000001
    .config_30000b_main.o    romdata   0x30000b    program   0x000001
    .config_30000c_main.o    romdata   0x30000c    program   0x000001
    .config_30000d_main.o    romdata   0x30000d    program   0x000001
                MATH_DATA      udata   0x000000       data   0x000014
                 .tmpdata      udata   0x000014       data   0x00000a
                DELAYDAT1      udata   0x00001e       data   0x000001
                   .stack      udata   0x000080       data   0x000080
                 MMD_DATA      idata   0x000100       data   0x0000b6
          .udata_mbfunc.o      udata   0x0001b6       data   0x000022
           .idata_timer.o      idata   0x0001d8       data   0x000010
    .idata_digit_driver.o      idata   0x0001e8       data   0x00000b
           .udata_c018i.o      udata   0x0001f3       data   0x00000a
           .udata_udefs.o      udata   0x0001fd       data   0x000001
           .udata_board.o      udata   0x0001fe       data   0x000001
       .idata_heartBeat.o      idata   0x0001ff       data   0x000001
                 MB_SALVE      idata   0x000300       data   0x000046
                 LKP_DATA      idata   0x000346       data   0x00000f
                 uartdata      idata   0x000355       data   0x00007e
      .idata_rtc_driver.o      idata   0x0003d3       data   0x000027
        .udata_fxd1616u.o      udata   0x0003fa       data   0x000000
        .idata_fxd1616u.o      idata   0x0003fa       data   0x000000
        .udata_fxd3232u.o      udata   0x0003fa       data   0x000000
        .idata_fxd3232u.o      idata   0x0003fa       data   0x000000
         .udata_fxm3232.o      udata   0x0003fa       data   0x000000
         .idata_fxm3232.o      idata   0x0003fa       data   0x000000
           .idata_c018i.o      idata   0x0003fa       data   0x000000
          .udata_t0open.o      udata   0x0003fa       data   0x000000
          .idata_t0open.o      idata   0x0003fa       data   0x000000
          .udata_t1open.o      udata   0x0003fa       data   0x000000
          .idata_t1open.o      idata   0x0003fa       data   0x000000
           .udata_uopen.o      udata   0x0003fa       data   0x000000
           .idata_uopen.o      idata   0x0003fa       data   0x000000
           .udata_uread.o      udata   0x0003fa       data   0x000000
           .idata_uread.o      idata   0x0003fa       data   0x000000
           .idata_udefs.o      idata   0x0003fa       data   0x000000
         .udata_t0write.o      udata   0x0003fa       data   0x000000
         .idata_t0write.o      idata   0x0003fa       data   0x000000
         .udata_t1write.o      udata   0x0003fa       data   0x000000
         .idata_t1write.o      idata   0x0003fa       data   0x000000
          .udata_uwrite.o      udata   0x0003fa       data   0x000000
          .idata_uwrite.o      idata   0x0003fa       data   0x000000
          .udata___init.o      udata   0x0003fa       data   0x000000
          .idata___init.o      idata   0x0003fa       data   0x000000
             .udata_app.o      udata   0x0003fa       data   0x000000
           .idata_board.o      idata   0x0003fa       data   0x000000
    .udata_digit_driver.o      udata   0x0003fa       data   0x000000
       .udata_heartBeat.o      udata   0x0003fa       data   0x000000
      .udata_i2c_driver.o      udata   0x0003fa       data   0x000000
      .idata_i2c_driver.o      idata   0x0003fa       data   0x000000
 .udata_interruptvector.o      udata   0x0003fa       data   0x000000
 .idata_interruptvector.o      idata   0x0003fa       data   0x000000
    .udata_linearkeypad.o      udata   0x0003fa       data   0x000000
    .idata_linearkeypad.o      idata   0x0003fa       data   0x000000
            .udata_main.o      udata   0x0003fa       data   0x000000
            .idata_main.o      idata   0x0003fa       data   0x000000
             .udata_MMD.o      udata   0x0003fa       data   0x000000
             .idata_MMD.o      idata   0x0003fa       data   0x000000
      .udata_rtc_driver.o      udata   0x0003fa       data   0x000000
           .udata_timer.o      udata   0x0003fa       data   0x000000
            .udata_uart.o      udata   0x0003fa       data   0x000000
            .idata_uart.o      idata   0x0003fa       data   0x000000
              .idata_mb.o      idata   0x0003fa       data   0x000000
          .idata_mbfunc.o      idata   0x0003fa       data   0x000000
                 RTC_DATA      idata   0x000400       data   0x000011
                 TMR_DATA      idata   0x000411       data   0x000008
                 APP_DATA      idata   0x000500       data   0x000026
             .idata_app.o      idata   0x000526       data   0x000008
              .udata_mb.o      udata   0x00052e       data   0x000007
            SFR_UNBANKED0      udata   0x000f80       data   0x000080



                              Program Memory Usage 
                               Start         End      
                           ---------   ---------      
                            0x000000    0x000005      
                            0x000008    0x000027      
                            0x00003a    0x00701a      
                            0x300001    0x300003      
                            0x300005    0x300006      
                            0x300008    0x30000d      
            28690 out of 33048 program addresses used, program memory utilization is 86%



                              Symbols - Sorted by Name
                     Name    Address   Location    Storage File                     
                ---------  ---------  ---------  --------- ---------                
                 APP_init   0x003442    program     extern C:\Users\JO\Desktop\MB_SLAVE_UPDATED\MB_SLAVE_UPDATED\source\app.c
                 APP_task   0x00345e    program     extern C:\Users\JO\Desktop\MB_SLAVE_UPDATED\MB_SLAVE_UPDATED\source\app.c
                 BRD_init   0x006d20    program     extern C:\Users\JO\Desktop\MB_SLAVE_UPDATED\MB_SLAVE_UPDATED\source\board.c
  ConvertHour12to24Format   0x004978    program     extern C:\Users\JO\Desktop\MB_SLAVE_UPDATED\MB_SLAVE_UPDATED\source\rtc_driver.c
  ConvertTime12to24Format   0x00481e    program     extern C:\Users\JO\Desktop\MB_SLAVE_UPDATED\MB_SLAVE_UPDATED\source\rtc_driver.c
  ConvertTime24to12Format   0x00468e    program     extern C:\Users\JO\Desktop\MB_SLAVE_UPDATED\MB_SLAVE_UPDATED\source\rtc_driver.c
                    D10_1   0x006e00    program     static E:\c18v3.46\pic18-lt\cxx-framework\src\traditional\delays\d10tcyx.asm
                     D10x   0x006df8    program     static E:\c18v3.46\pic18-lt\cxx-framework\src\traditional\delays\d10tcyx.asm
                    D1K_1   0x006d86    program     static E:\c18v3.46\pic18-lt\cxx-framework\src\traditional\delays\d1ktcyx.asm
                     D1Kx   0x006d84    program     static E:\c18v3.46\pic18-lt\cxx-framework\src\traditional\delays\d1ktcyx.asm
            DDR_loadDigit   0x006bd0    program     extern C:\Users\JO\Desktop\MB_SLAVE_UPDATED\MB_SLAVE_UPDATED\source\digit_driver.c
              Delay10TCYx   0x006df0    program     extern E:\c18v3.46\pic18-lt\cxx-framework\src\traditional\delays\d10tcyx.asm
              Delay1KTCYx   0x006d7a    program     extern E:\c18v3.46\pic18-lt\cxx-framework\src\traditional\delays\d1ktcyx.asm
         EnableInterrupts   0x000022    program     extern C:\Users\JO\Desktop\MB_SLAVE_UPDATED\MB_SLAVE_UPDATED\source\interruptvector.c
                 FXD1616U   0x006d4e    program     extern E:\c18v3.46\pic18-lt\cxx-framework\src\traditional\math\fxd1616u.c
                 FXD3232U   0x006b08    program     extern E:\c18v3.46\pic18-lt\cxx-framework\src\traditional\math\fxd3232u.c
                 FXM1616U   0x006c0e    program     extern E:\c18v3.46\pic18-lt\cxx-framework\src\traditional\math\fxm1616u.asm
                  FXM3232   0x006a4c    program     extern E:\c18v3.46\pic18-lt\cxx-framework\src\traditional\math\fxm3232.c
             FontTable5x7   0x0054ca    program     extern C:\Users\JO\Desktop\MB_SLAVE_UPDATED\MB_SLAVE_UPDATED\source\MMD.c
               GetAppTime   0x005e0c    program     extern C:\Users\JO\Desktop\MB_SLAVE_UPDATED\MB_SLAVE_UPDATED\source\timer.c
                  HB_init   0x006dd6    program     extern C:\Users\JO\Desktop\MB_SLAVE_UPDATED\MB_SLAVE_UPDATED\source\heartBeat.c
                  HB_task   0x006ddc    program     extern C:\Users\JO\Desktop\MB_SLAVE_UPDATED\MB_SLAVE_UPDATED\source\heartBeat.c
            InitializeI2C   0x00634e    program     extern C:\Users\JO\Desktop\MB_SLAVE_UPDATED\MB_SLAVE_UPDATED\source\i2c_driver.c
                  Int2Day   0x004390    program     extern C:\Users\JO\Desktop\MB_SLAVE_UPDATED\MB_SLAVE_UPDATED\source\rtc_driver.c
 LinearKeyPad_getKeyState   0x005f6a    program     extern C:\Users\JO\Desktop\MB_SLAVE_UPDATED\MB_SLAVE_UPDATED\source\linearkeypad.c
        LinearKeyPad_init   0x005e6c    program     extern C:\Users\JO\Desktop\MB_SLAVE_UPDATED\MB_SLAVE_UPDATED\source\linearkeypad.c
       LinearKeyPad_reset   0x005f92    program     extern C:\Users\JO\Desktop\MB_SLAVE_UPDATED\MB_SLAVE_UPDATED\source\linearkeypad.c
        LinearKeyPad_scan   0x005f20    program     extern C:\Users\JO\Desktop\MB_SLAVE_UPDATED\MB_SLAVE_UPDATED\source\linearkeypad.c
LinearKeyPad_scan_from_to   0x005ec8    program     extern C:\Users\JO\Desktop\MB_SLAVE_UPDATED\MB_SLAVE_UPDATED\source\linearkeypad.c
   LinearKeyPad_updateKey   0x005e9c    program     extern C:\Users\JO\Desktop\MB_SLAVE_UPDATED\MB_SLAVE_UPDATED\source\linearkeypad.c
         MMD_changeSymbol   0x000c8a    program     extern C:\Users\JO\Desktop\MB_SLAVE_UPDATED\MB_SLAVE_UPDATED\source\MMD.c
         MMD_clearSegment   0x000e58    program     extern C:\Users\JO\Desktop\MB_SLAVE_UPDATED\MB_SLAVE_UPDATED\source\MMD.c
        MMD_configSegment   0x0003e0    program     extern C:\Users\JO\Desktop\MB_SLAVE_UPDATED\MB_SLAVE_UPDATED\source\MMD.c
                 MMD_init   0x00017a    program     extern C:\Users\JO\Desktop\MB_SLAVE_UPDATED\MB_SLAVE_UPDATED\source\MMD.c
       MMD_refreshDisplay   0x00183a    program     extern C:\Users\JO\Desktop\MB_SLAVE_UPDATED\MB_SLAVE_UPDATED\source\MMD.c
       MMD_setScrollSpeed   0x000c32    program     extern C:\Users\JO\Desktop\MB_SLAVE_UPDATED\MB_SLAVE_UPDATED\source\MMD.c
                 MMD_task   0x00109a    program     extern C:\Users\JO\Desktop\MB_SLAVE_UPDATED\MB_SLAVE_UPDATED\source\MMD.c
               OpenTimer0   0x006cba    program     extern E:\c18v3.46\pic18-lt\cxx-framework\src\pmc_common\Timers\t0open.c
               OpenTimer1   0x006b50    program     extern E:\c18v3.46\pic18-lt\cxx-framework\src\pmc_common\Timers\t1open.c
                OpenUSART   0x0069c2    program     extern E:\c18v3.46\pic18-lt\cxx-framework\src\pmc_common\USART\uopen.c
                 RTC_Init   0x004c04    program     extern C:\Users\JO\Desktop\MB_SLAVE_UPDATED\MB_SLAVE_UPDATED\source\rtc_driver.c
                 RTC_Task   0x004c58    program     extern C:\Users\JO\Desktop\MB_SLAVE_UPDATED\MB_SLAVE_UPDATED\source\rtc_driver.c
              RTC_getDate   0x004c8c    program     extern C:\Users\JO\Desktop\MB_SLAVE_UPDATED\MB_SLAVE_UPDATED\source\rtc_driver.c
               RTC_getDay   0x004c7c    program     extern C:\Users\JO\Desktop\MB_SLAVE_UPDATED\MB_SLAVE_UPDATED\source\rtc_driver.c
            RTC_getDayStr   0x004cd0    program     extern C:\Users\JO\Desktop\MB_SLAVE_UPDATED\MB_SLAVE_UPDATED\source\rtc_driver.c
              RTC_getHour   0x004c94    program     extern C:\Users\JO\Desktop\MB_SLAVE_UPDATED\MB_SLAVE_UPDATED\source\rtc_driver.c
            RTC_getMinute   0x004c9c    program     extern C:\Users\JO\Desktop\MB_SLAVE_UPDATED\MB_SLAVE_UPDATED\source\rtc_driver.c
       RTC_getMinuteOfDay   0x004cac    program     extern C:\Users\JO\Desktop\MB_SLAVE_UPDATED\MB_SLAVE_UPDATED\source\rtc_driver.c
             RTC_getMonth   0x004c84    program     extern C:\Users\JO\Desktop\MB_SLAVE_UPDATED\MB_SLAVE_UPDATED\source\rtc_driver.c
          RTC_getMonthStr   0x004cfa    program     extern C:\Users\JO\Desktop\MB_SLAVE_UPDATED\MB_SLAVE_UPDATED\source\rtc_driver.c
            RTC_getSecond   0x004ca4    program     extern C:\Users\JO\Desktop\MB_SLAVE_UPDATED\MB_SLAVE_UPDATED\source\rtc_driver.c
              ReadByteI2C   0x00651e    program     extern C:\Users\JO\Desktop\MB_SLAVE_UPDATED\MB_SLAVE_UPDATED\source\i2c_driver.c
                  ReadI2C   0x00647c    program     extern C:\Users\JO\Desktop\MB_SLAVE_UPDATED\MB_SLAVE_UPDATED\source\i2c_driver.c
       ReadRtcTimeAndDate   0x0043c8    program     extern C:\Users\JO\Desktop\MB_SLAVE_UPDATED\MB_SLAVE_UPDATED\source\rtc_driver.c
                ReadUSART   0x006b92    program     extern E:\c18v3.46\pic18-lt\cxx-framework\src\pmc_common\USART\uread.c
             ResetAppTime   0x005e5c    program     extern C:\Users\JO\Desktop\MB_SLAVE_UPDATED\MB_SLAVE_UPDATED\source\timer.c
                 ResetI2C   0x0063b2    program     extern C:\Users\JO\Desktop\MB_SLAVE_UPDATED\MB_SLAVE_UPDATED\source\i2c_driver.c
              SetHourMode   0x004624    program     extern C:\Users\JO\Desktop\MB_SLAVE_UPDATED\MB_SLAVE_UPDATED\source\rtc_driver.c
                 StartI2C   0x006366    program     extern C:\Users\JO\Desktop\MB_SLAVE_UPDATED\MB_SLAVE_UPDATED\source\i2c_driver.c
                  StopI2C   0x006392    program     extern C:\Users\JO\Desktop\MB_SLAVE_UPDATED\MB_SLAVE_UPDATED\source\i2c_driver.c
          StoreSystemDate   0x004ad4    program     extern C:\Users\JO\Desktop\MB_SLAVE_UPDATED\MB_SLAVE_UPDATED\source\rtc_driver.c
           StoreSystemDay   0x004bcc    program     extern C:\Users\JO\Desktop\MB_SLAVE_UPDATED\MB_SLAVE_UPDATED\source\rtc_driver.c
          StoreSystemTime   0x0049de    program     extern C:\Users\JO\Desktop\MB_SLAVE_UPDATED\MB_SLAVE_UPDATED\source\rtc_driver.c
                 TMR0_ISR   0x005bd0    program     extern C:\Users\JO\Desktop\MB_SLAVE_UPDATED\MB_SLAVE_UPDATED\source\timer.c
                TMR0_init   0x005d7e    program     extern C:\Users\JO\Desktop\MB_SLAVE_UPDATED\MB_SLAVE_UPDATED\source\timer.c
                 TMR1_ISR   0x005cc4    program     extern C:\Users\JO\Desktop\MB_SLAVE_UPDATED\MB_SLAVE_UPDATED\source\timer.c
                TMR1_init   0x005dc4    program     extern C:\Users\JO\Desktop\MB_SLAVE_UPDATED\MB_SLAVE_UPDATED\source\timer.c
             UART_hasData   0x005b46    program     extern C:\Users\JO\Desktop\MB_SLAVE_UPDATED\MB_SLAVE_UPDATED\source\uart.c
                UART_init   0x0059c4    program     extern C:\Users\JO\Desktop\MB_SLAVE_UPDATED\MB_SLAVE_UPDATED\source\uart.c
                UART_read   0x005b80    program     extern C:\Users\JO\Desktop\MB_SLAVE_UPDATED\MB_SLAVE_UPDATED\source\uart.c
            UART_transmit   0x005ac4    program     extern C:\Users\JO\Desktop\MB_SLAVE_UPDATED\MB_SLAVE_UPDATED\source\uart.c
               UART_write   0x005a8c    program     extern C:\Users\JO\Desktop\MB_SLAVE_UPDATED\MB_SLAVE_UPDATED\source\uart.c
       UartReceiveHandler   0x005882    program     extern C:\Users\JO\Desktop\MB_SLAVE_UPDATED\MB_SLAVE_UPDATED\source\uart.c
      UartTransmitHandler   0x00594c    program     extern C:\Users\JO\Desktop\MB_SLAVE_UPDATED\MB_SLAVE_UPDATED\source\uart.c
             WriteByteI2C   0x006562    program     extern C:\Users\JO\Desktop\MB_SLAVE_UPDATED\MB_SLAVE_UPDATED\source\i2c_driver.c
       WriteDataToDisplay   0x001aae    program     extern C:\Users\JO\Desktop\MB_SLAVE_UPDATED\MB_SLAVE_UPDATED\source\MMD.c
                 WriteI2C   0x0063ee    program     extern C:\Users\JO\Desktop\MB_SLAVE_UPDATED\MB_SLAVE_UPDATED\source\i2c_driver.c
      WriteRtcTimeAndDate   0x004518    program     extern C:\Users\JO\Desktop\MB_SLAVE_UPDATED\MB_SLAVE_UPDATED\source\rtc_driver.c
              WriteTimer0   0x006c82    program     extern E:\c18v3.46\pic18-lt\cxx-framework\src\pmc_common\Timers\t0write.c
              WriteTimer1   0x006c4a    program     extern E:\c18v3.46\pic18-lt\cxx-framework\src\pmc_common\Timers\t1write.c
               WriteUSART   0x006cf2    program     extern E:\c18v3.46\pic18-lt\cxx-framework\src\pmc_common\USART\uwrite.c
              _2jContinue   0x0068f4    program     static E:\c18v3.46\pic18-lt\cxx-framework\src\traditional\stdclib\memset.asm
                   _3jEnd   0x0068fe    program     static E:\c18v3.46\pic18-lt\cxx-framework\src\traditional\stdclib\memset.asm
              _4jContinue   0x0068b2    program     static E:\c18v3.46\pic18-lt\cxx-framework\src\traditional\stdclib\memcpy.asm
                   _5jEnd   0x0068bc    program     static E:\c18v3.46\pic18-lt\cxx-framework\src\traditional\stdclib\memcpy.asm
        _D10TCYXCODE_000A   0x006dfa    program     static E:\c18v3.46\pic18-lt\cxx-framework\src\traditional\delays\d10tcyx.asm
        _D10TCYXCODE_000C   0x006dfc    program     static E:\c18v3.46\pic18-lt\cxx-framework\src\traditional\delays\d10tcyx.asm
        _D10TCYXCODE_000E   0x006dfe    program     static E:\c18v3.46\pic18-lt\cxx-framework\src\traditional\delays\d10tcyx.asm
        _D1KTCYXCODE_0010   0x006d8a    program     static E:\c18v3.46\pic18-lt\cxx-framework\src\traditional\delays\d1ktcyx.asm
        _D1KTCYXCODE_0016   0x006d90    program     static E:\c18v3.46\pic18-lt\cxx-framework\src\traditional\delays\d1ktcyx.asm
           ___do_lbl00001   0x006286    program     static                          
           ___do_lbl00002   0x006286    program     static                          
           ___do_lbl00005   0x006254    program     static                          
           ___do_lbl00006   0x0062c8    program     static                          
           ___do_lbl00007   0x0062c8    program     static                          
           ___do_lbl00010   0x006296    program     static                          
           ___if_lbl00001   0x000010    program     static                          
           ___if_lbl00002   0x000018    program     static                          
           ___if_lbl00003   0x000020    program     static                          
           ___if_lbl00013   0x0062ea    program     static                          
           ___if_lbl00014   0x006300    program     static                          
           ___if_lbl00015   0x00631e    program     static                          
           ___if_lbl00016   0x006336    program     static                          
       ___return_lbl00000   0x00633a    program     static                          
       ___return_lbl00000   0x000004    program     static                          
       ___return_lbl00000   0x006aba    program     static                          
       ___return_lbl00000   0x006b4e    program     static                          
       ___return_lbl00000   0x006d78    program     static                          
       ___return_lbl00000   0x000020    program     static                          
       ___return_lbl00001   0x006dd4    program     static                          
       ___return_lbl00002   0x0069c0    program     static                          
        ___while_lbl00003   0x006262    program     static                          
        ___while_lbl00004   0x006286    program     static                          
        ___while_lbl00008   0x0062a4    program     static                          
        ___while_lbl00009   0x0062c8    program     static                          
        ___while_lbl00011   0x0062c8    program     static                          
        ___while_lbl00012   0x00633a    program     static                          
               __config_0   0x300001    program     static C:\Users\JO\Desktop\MB_SLAVE_UPDATED\MB_SLAVE_UPDATED\source\main.c
               __config_1   0x300002    program     static C:\Users\JO\Desktop\MB_SLAVE_UPDATED\MB_SLAVE_UPDATED\source\main.c
              __config_10   0x30000d    program     static C:\Users\JO\Desktop\MB_SLAVE_UPDATED\MB_SLAVE_UPDATED\source\main.c
               __config_2   0x300003    program     static C:\Users\JO\Desktop\MB_SLAVE_UPDATED\MB_SLAVE_UPDATED\source\main.c
               __config_3   0x300005    program     static C:\Users\JO\Desktop\MB_SLAVE_UPDATED\MB_SLAVE_UPDATED\source\main.c
               __config_4   0x300006    program     static C:\Users\JO\Desktop\MB_SLAVE_UPDATED\MB_SLAVE_UPDATED\source\main.c
               __config_5   0x300008    program     static C:\Users\JO\Desktop\MB_SLAVE_UPDATED\MB_SLAVE_UPDATED\source\main.c
               __config_6   0x300009    program     static C:\Users\JO\Desktop\MB_SLAVE_UPDATED\MB_SLAVE_UPDATED\source\main.c
               __config_7   0x30000a    program     static C:\Users\JO\Desktop\MB_SLAVE_UPDATED\MB_SLAVE_UPDATED\source\main.c
               __config_8   0x30000b    program     static C:\Users\JO\Desktop\MB_SLAVE_UPDATED\MB_SLAVE_UPDATED\source\main.c
               __config_9   0x30000c    program     static C:\Users\JO\Desktop\MB_SLAVE_UPDATED\MB_SLAVE_UPDATED\source\main.c
                   __init   0x006e06    program     extern E:\c18v3.46\pic18-lt\cxx-framework\src\traditional\stdclib\__init.c
               __string_0   0x006b04    program     static C:\Users\JO\Desktop\MB_SLAVE_UPDATED\MB_SLAVE_UPDATED\source\rtc_driver.c
               __string_1   0x006b00    program     static C:\Users\JO\Desktop\MB_SLAVE_UPDATED\MB_SLAVE_UPDATED\source\rtc_driver.c
              __string_10   0x006adc    program     static C:\Users\JO\Desktop\MB_SLAVE_UPDATED\MB_SLAVE_UPDATED\source\rtc_driver.c
              __string_11   0x006ad8    program     static C:\Users\JO\Desktop\MB_SLAVE_UPDATED\MB_SLAVE_UPDATED\source\rtc_driver.c
              __string_12   0x006ad4    program     static C:\Users\JO\Desktop\MB_SLAVE_UPDATED\MB_SLAVE_UPDATED\source\rtc_driver.c
              __string_13   0x006ad0    program     static C:\Users\JO\Desktop\MB_SLAVE_UPDATED\MB_SLAVE_UPDATED\source\rtc_driver.c
              __string_14   0x006acc    program     static C:\Users\JO\Desktop\MB_SLAVE_UPDATED\MB_SLAVE_UPDATED\source\rtc_driver.c
              __string_15   0x006ac8    program     static C:\Users\JO\Desktop\MB_SLAVE_UPDATED\MB_SLAVE_UPDATED\source\rtc_driver.c
              __string_16   0x006ac4    program     static C:\Users\JO\Desktop\MB_SLAVE_UPDATED\MB_SLAVE_UPDATED\source\rtc_driver.c
              __string_17   0x006ac0    program     static C:\Users\JO\Desktop\MB_SLAVE_UPDATED\MB_SLAVE_UPDATED\source\rtc_driver.c
              __string_18   0x006abc    program     static C:\Users\JO\Desktop\MB_SLAVE_UPDATED\MB_SLAVE_UPDATED\source\rtc_driver.c
               __string_2   0x006afc    program     static C:\Users\JO\Desktop\MB_SLAVE_UPDATED\MB_SLAVE_UPDATED\source\rtc_driver.c
               __string_3   0x006af8    program     static C:\Users\JO\Desktop\MB_SLAVE_UPDATED\MB_SLAVE_UPDATED\source\rtc_driver.c
               __string_4   0x006af4    program     static C:\Users\JO\Desktop\MB_SLAVE_UPDATED\MB_SLAVE_UPDATED\source\rtc_driver.c
               __string_5   0x006af0    program     static C:\Users\JO\Desktop\MB_SLAVE_UPDATED\MB_SLAVE_UPDATED\source\rtc_driver.c
               __string_6   0x006aec    program     static C:\Users\JO\Desktop\MB_SLAVE_UPDATED\MB_SLAVE_UPDATED\source\rtc_driver.c
               __string_7   0x006ae8    program     static C:\Users\JO\Desktop\MB_SLAVE_UPDATED\MB_SLAVE_UPDATED\source\rtc_driver.c
               __string_8   0x006ae4    program     static C:\Users\JO\Desktop\MB_SLAVE_UPDATED\MB_SLAVE_UPDATED\source\rtc_driver.c
               __string_9   0x006ae0    program     static C:\Users\JO\Desktop\MB_SLAVE_UPDATED\MB_SLAVE_UPDATED\source\rtc_driver.c
               __tmplbl_0   0x0062da    program     static                          
            __zero_memory   0x006d9a    program     extern E:\c18v3.46\pic18-lt\cxx-framework\src\traditional\proc\p18f4520.asm
                _do_cinit   0x006924    program     extern E:\c18v3.46\pic18-lt\cxx-framework\src\traditional\startup\c018i.c
                   _entry   0x000000    program     extern E:\c18v3.46\pic18-lt\cxx-framework\src\traditional\startup\c018i.c
                   _false   0x006b4a    program     static                          
                 _startup   0x006dba    program     extern E:\c18v3.46\pic18-lt\cxx-framework\src\traditional\startup\c018i.c
                     atoi   0x006794    program     extern E:\c18v3.46\pic18-lt\cxx-framework\src\traditional\stdclib\atoi.asm
                 aucCRCHi   0x006594    program     static C:\Users\JO\Desktop\MB_SLAVE_UPDATED\MB_SLAVE_UPDATED\modbus\source\mb.c
                 aucCRCLo   0x006694    program     static C:\Users\JO\Desktop\MB_SLAVE_UPDATED\MB_SLAVE_UPDATED\modbus\source\mb.c
  calculateActualHrlyRate   0x003cce    program     extern C:\Users\JO\Desktop\MB_SLAVE_UPDATED\MB_SLAVE_UPDATED\source\app.c
  calculateTargetHrlyRate   0x003bfa    program     extern C:\Users\JO\Desktop\MB_SLAVE_UPDATED\MB_SLAVE_UPDATED\source\app.c
                 clearBit   0x000142    program     static C:\Users\JO\Desktop\MB_SLAVE_UPDATED\MB_SLAVE_UPDATED\source\MMD.c
                compare_l   0x006db0    program     static E:\c18v3.46\pic18-lt\cxx-framework\src\traditional\proc\p18f4520.asm
                copy_loop   0x006996    program     static                          
            copy_one_byte   0x00699c    program     static                          
           displayRTCData   0x004226    program     extern C:\Users\JO\Desktop\MB_SLAVE_UPDATED\MB_SLAVE_UPDATED\source\app.c
                     done   0x0069c0    program     static                          
             done_copying   0x0069aa    program     static                          
         eMBFuncReadCoils   0x001afe    program     extern C:\Users\JO\Desktop\MB_SLAVE_UPDATED\MB_SLAVE_UPDATED\modbus\source\mbfunc.c
eMBFuncReadDiscreteInputs   0x0031c4    program     extern C:\Users\JO\Desktop\MB_SLAVE_UPDATED\MB_SLAVE_UPDATED\modbus\source\mbfunc.c
eMBFuncReadHoldingRegister   0x002b78    program     extern C:\Users\JO\Desktop\MB_SLAVE_UPDATED\MB_SLAVE_UPDATED\modbus\source\mbfunc.c
 eMBFuncReadInputRegister   0x002622    program     extern C:\Users\JO\Desktop\MB_SLAVE_UPDATED\MB_SLAVE_UPDATED\modbus\source\mbfunc.c
eMBFuncReadWriteMultipleHoldingRegister   0x002dc8    program     extern C:\Users\JO\Desktop\MB_SLAVE_UPDATED\MB_SLAVE_UPDATED\modbus\source\mbfunc.c
     eMBFuncReportSlaveID   0x0025b0    program     extern C:\Users\JO\Desktop\MB_SLAVE_UPDATED\MB_SLAVE_UPDATED\modbus\source\mbfunc.c
         eMBFuncWriteCoil   0x001d7c    program     extern C:\Users\JO\Desktop\MB_SLAVE_UPDATED\MB_SLAVE_UPDATED\modbus\source\mbfunc.c
eMBFuncWriteHoldingRegister   0x002886    program     extern C:\Users\JO\Desktop\MB_SLAVE_UPDATED\MB_SLAVE_UPDATED\modbus\source\mbfunc.c
eMBFuncWriteMultipleCoils   0x001eee    program     extern C:\Users\JO\Desktop\MB_SLAVE_UPDATED\MB_SLAVE_UPDATED\modbus\source\mbfunc.c
eMBFuncWriteMultipleHoldingRegister   0x002974    program     extern C:\Users\JO\Desktop\MB_SLAVE_UPDATED\MB_SLAVE_UPDATED\modbus\source\mbfunc.c
                  eMBInit   0x004d24    program     extern C:\Users\JO\Desktop\MB_SLAVE_UPDATED\MB_SLAVE_UPDATED\modbus\source\mb.c
                  eMBPoll   0x004e36    program     extern C:\Users\JO\Desktop\MB_SLAVE_UPDATED\MB_SLAVE_UPDATED\modbus\source\mb.c
               eMBRTUSend   0x0052e2    program     extern C:\Users\JO\Desktop\MB_SLAVE_UPDATED\MB_SLAVE_UPDATED\modbus\source\mb.c
            eMBRegCoilsCB   0x00378a    program     extern C:\Users\JO\Desktop\MB_SLAVE_UPDATED\MB_SLAVE_UPDATED\source\app.c
         eMBRegDiscreteCB   0x00379e    program     extern C:\Users\JO\Desktop\MB_SLAVE_UPDATED\MB_SLAVE_UPDATED\source\app.c
          eMBRegHoldingCB   0x003648    program     extern C:\Users\JO\Desktop\MB_SLAVE_UPDATED\MB_SLAVE_UPDATED\source\app.c
            eMBRegInputCB   0x00361e    program     extern C:\Users\JO\Desktop\MB_SLAVE_UPDATED\MB_SLAVE_UPDATED\source\app.c
            eMBSetSlaveID   0x0024bc    program     extern C:\Users\JO\Desktop\MB_SLAVE_UPDATED\MB_SLAVE_UPDATED\modbus\source\mbfunc.c
                  endloop   0x006d74    program     static                          
                   getBit   0x0000cc    program     static C:\Users\JO\Desktop\MB_SLAVE_UPDATED\MB_SLAVE_UPDATED\source\MMD.c
           getCurrentTime   0x003dd8    program     extern C:\Users\JO\Desktop\MB_SLAVE_UPDATED\MB_SLAVE_UPDATED\source\app.c
                getOffset   0x00547c    program     extern C:\Users\JO\Desktop\MB_SLAVE_UPDATED\MB_SLAVE_UPDATED\modbus\source\mb.c
             handleMBData   0x0037b2    program     extern C:\Users\JO\Desktop\MB_SLAVE_UPDATED\MB_SLAVE_UPDATED\source\app.c
           high_interrupt   0x000008    program     extern C:\Users\JO\Desktop\MB_SLAVE_UPDATED\MB_SLAVE_UPDATED\source\interruptvector.c
                     jEnd   0x006906    program     static E:\c18v3.46\pic18-lt\cxx-framework\src\traditional\stdclib\memset.asm
                     jEnd   0x006922    program     static E:\c18v3.46\pic18-lt\cxx-framework\src\traditional\stdclib\strlen.asm
                     jEnd   0x0068c2    program     static E:\c18v3.46\pic18-lt\cxx-framework\src\traditional\stdclib\memcpy.asm
                     jEnd   0x006852    program     static E:\c18v3.46\pic18-lt\cxx-framework\src\traditional\stdclib\atoi.asm
                 jEndLoop   0x00683a    program     static E:\c18v3.46\pic18-lt\cxx-framework\src\traditional\stdclib\atoi.asm
                    jLoop   0x006918    program     static E:\c18v3.46\pic18-lt\cxx-framework\src\traditional\stdclib\strlen.asm
                    jLoop   0x0068e8    program     static E:\c18v3.46\pic18-lt\cxx-framework\src\traditional\stdclib\memset.asm
                    jLoop   0x0068a6    program     static E:\c18v3.46\pic18-lt\cxx-framework\src\traditional\stdclib\memcpy.asm
                    jLoop   0x0067ec    program     static E:\c18v3.46\pic18-lt\cxx-framework\src\traditional\stdclib\atoi.asm
                  jSkipWS   0x0067c2    program     static E:\c18v3.46\pic18-lt\cxx-framework\src\traditional\stdclib\atoi.asm
                 jSkipWS1   0x0067d4    program     static E:\c18v3.46\pic18-lt\cxx-framework\src\traditional\stdclib\atoi.asm
                 jTstSign   0x0067d8    program     static E:\c18v3.46\pic18-lt\cxx-framework\src\traditional\stdclib\atoi.asm
                jTstSign1   0x0067e4    program     static E:\c18v3.46\pic18-lt\cxx-framework\src\traditional\stdclib\atoi.asm
                jTstSign2   0x0067ea    program     static E:\c18v3.46\pic18-lt\cxx-framework\src\traditional\stdclib\atoi.asm
                jTstSign3   0x0067ec    program     static E:\c18v3.46\pic18-lt\cxx-framework\src\traditional\stdclib\atoi.asm
         leftBitPackTable   0x005876    program     extern C:\Users\JO\Desktop\MB_SLAVE_UPDATED\MB_SLAVE_UPDATED\source\MMD.c
                     loop   0x006dca    program     static                          
                     loop   0x006b16    program     static                          
                     loop   0x006d58    program     static                          
                   loop_h   0x006da8    program     static E:\c18v3.46\pic18-lt\cxx-framework\src\traditional\proc\p18f4520.asm
                   loop_l   0x006db2    program     static E:\c18v3.46\pic18-lt\cxx-framework\src\traditional\proc\p18f4520.asm
                     main   0x0060fa    program     extern C:\Users\JO\Desktop\MB_SLAVE_UPDATED\MB_SLAVE_UPDATED\source\main.c
                   memcpy   0x00687e    program     extern E:\c18v3.46\pic18-lt\cxx-framework\src\traditional\stdclib\memcpy.asm
                   memset   0x0068d4    program     extern E:\c18v3.46\pic18-lt\cxx-framework\src\traditional\stdclib\memset.asm
    prveMBError2Exception   0x00247e    program     extern C:\Users\JO\Desktop\MB_SLAVE_UPDATED\MB_SLAVE_UPDATED\modbus\source\mbfunc.c
           readKeyPadPort   0x005fdc    program     static C:\Users\JO\Desktop\MB_SLAVE_UPDATED\MB_SLAVE_UPDATED\source\linearkeypad.c
        rightBitPackTable   0x00586a    program     extern C:\Users\JO\Desktop\MB_SLAVE_UPDATED\MB_SLAVE_UPDATED\source\MMD.c
                   setBit   0x00010c    program     static C:\Users\JO\Desktop\MB_SLAVE_UPDATED\MB_SLAVE_UPDATED\source\MMD.c
                   strlen   0x006908    program     extern E:\c18v3.46\pic18-lt\cxx-framework\src\traditional\stdclib\strlen.asm
                     test   0x00693e    program     static                          
             updateActual   0x003aac    program     extern C:\Users\JO\Desktop\MB_SLAVE_UPDATED\MB_SLAVE_UPDATED\source\app.c
     updateActualHrlyRate   0x004060    program     extern C:\Users\JO\Desktop\MB_SLAVE_UPDATED\MB_SLAVE_UPDATED\source\app.c
                updateKey   0x005fea    program     static C:\Users\JO\Desktop\MB_SLAVE_UPDATED\MB_SLAVE_UPDATED\source\linearkeypad.c
     updateTargetHrlyRate   0x003eba    program     extern C:\Users\JO\Desktop\MB_SLAVE_UPDATED\MB_SLAVE_UPDATED\source\app.c
                usMBCRC16   0x0051e6    program     extern C:\Users\JO\Desktop\MB_SLAVE_UPDATED\MB_SLAVE_UPDATED\modbus\source\mb.c
           xMBUtilGetBits   0x00233c    program     extern C:\Users\JO\Desktop\MB_SLAVE_UPDATED\MB_SLAVE_UPDATED\modbus\source\mbfunc.c
           xMBUtilSetBits   0x002118    program     extern C:\Users\JO\Desktop\MB_SLAVE_UPDATED\MB_SLAVE_UPDATED\modbus\source\mbfunc.c
               zero_block   0x006da8    program     static E:\c18v3.46\pic18-lt\cxx-framework\src\traditional\proc\p18f4520.asm
                   ADCON0   0x000fc2       data     extern E:\c18v3.46\pic18-lt\cxx-framework\src\traditional\proc\p18f4520.asm
               ADCON0bits   0x000fc2       data     extern E:\c18v3.46\pic18-lt\cxx-framework\src\traditional\proc\p18f4520.asm
                   ADCON1   0x000fc1       data     extern E:\c18v3.46\pic18-lt\cxx-framework\src\traditional\proc\p18f4520.asm
               ADCON1bits   0x000fc1       data     extern E:\c18v3.46\pic18-lt\cxx-framework\src\traditional\proc\p18f4520.asm
                   ADCON2   0x000fc0       data     extern E:\c18v3.46\pic18-lt\cxx-framework\src\traditional\proc\p18f4520.asm
               ADCON2bits   0x000fc0       data     extern E:\c18v3.46\pic18-lt\cxx-framework\src\traditional\proc\p18f4520.asm
                    ADRES   0x000fc3       data     extern E:\c18v3.46\pic18-lt\cxx-framework\src\traditional\proc\p18f4520.asm
                   ADRESH   0x000fc4       data     extern E:\c18v3.46\pic18-lt\cxx-framework\src\traditional\proc\p18f4520.asm
                   ADRESL   0x000fc3       data     extern E:\c18v3.46\pic18-lt\cxx-framework\src\traditional\proc\p18f4520.asm
             AppTimestamp   0x0001e4       data     extern C:\Users\JO\Desktop\MB_SLAVE_UPDATED\MB_SLAVE_UPDATED\source\timer.c
                  BAUDCON   0x000fb8       data     extern E:\c18v3.46\pic18-lt\cxx-framework\src\traditional\proc\p18f4520.asm
              BAUDCONbits   0x000fb8       data     extern E:\c18v3.46\pic18-lt\cxx-framework\src\traditional\proc\p18f4520.asm
                  BAUDCTL   0x000fb8       data     extern E:\c18v3.46\pic18-lt\cxx-framework\src\traditional\proc\p18f4520.asm
              BAUDCTLbits   0x000fb8       data     extern E:\c18v3.46\pic18-lt\cxx-framework\src\traditional\proc\p18f4520.asm
                      BSR   0x000fe0       data     extern E:\c18v3.46\pic18-lt\cxx-framework\src\traditional\proc\p18f4520.asm
                  CCP1CON   0x000fbd       data     extern E:\c18v3.46\pic18-lt\cxx-framework\src\traditional\proc\p18f4520.asm
              CCP1CONbits   0x000fbd       data     extern E:\c18v3.46\pic18-lt\cxx-framework\src\traditional\proc\p18f4520.asm
                  CCP2CON   0x000fba       data     extern E:\c18v3.46\pic18-lt\cxx-framework\src\traditional\proc\p18f4520.asm
              CCP2CONbits   0x000fba       data     extern E:\c18v3.46\pic18-lt\cxx-framework\src\traditional\proc\p18f4520.asm
                    CCPR1   0x000fbe       data     extern E:\c18v3.46\pic18-lt\cxx-framework\src\traditional\proc\p18f4520.asm
                   CCPR1H   0x000fbf       data     extern E:\c18v3.46\pic18-lt\cxx-framework\src\traditional\proc\p18f4520.asm
                   CCPR1L   0x000fbe       data     extern E:\c18v3.46\pic18-lt\cxx-framework\src\traditional\proc\p18f4520.asm
                    CCPR2   0x000fbb       data     extern E:\c18v3.46\pic18-lt\cxx-framework\src\traditional\proc\p18f4520.asm
                   CCPR2H   0x000fbc       data     extern E:\c18v3.46\pic18-lt\cxx-framework\src\traditional\proc\p18f4520.asm
                   CCPR2L   0x000fbb       data     extern E:\c18v3.46\pic18-lt\cxx-framework\src\traditional\proc\p18f4520.asm
                    CMCON   0x000fb4       data     extern E:\c18v3.46\pic18-lt\cxx-framework\src\traditional\proc\p18f4520.asm
                CMCONbits   0x000fb4       data     extern E:\c18v3.46\pic18-lt\cxx-framework\src\traditional\proc\p18f4520.asm
                   CVRCON   0x000fb5       data     extern E:\c18v3.46\pic18-lt\cxx-framework\src\traditional\proc\p18f4520.asm
               CVRCONbits   0x000fb5       data     extern E:\c18v3.46\pic18-lt\cxx-framework\src\traditional\proc\p18f4520.asm
                     DDRA   0x000f92       data     extern E:\c18v3.46\pic18-lt\cxx-framework\src\traditional\proc\p18f4520.asm
                 DDRAbits   0x000f92       data     extern E:\c18v3.46\pic18-lt\cxx-framework\src\traditional\proc\p18f4520.asm
                     DDRB   0x000f93       data     extern E:\c18v3.46\pic18-lt\cxx-framework\src\traditional\proc\p18f4520.asm
                 DDRBbits   0x000f93       data     extern E:\c18v3.46\pic18-lt\cxx-framework\src\traditional\proc\p18f4520.asm
                     DDRC   0x000f94       data     extern E:\c18v3.46\pic18-lt\cxx-framework\src\traditional\proc\p18f4520.asm
                 DDRCbits   0x000f94       data     extern E:\c18v3.46\pic18-lt\cxx-framework\src\traditional\proc\p18f4520.asm
                     DDRD   0x000f95       data     extern E:\c18v3.46\pic18-lt\cxx-framework\src\traditional\proc\p18f4520.asm
                 DDRDbits   0x000f95       data     extern E:\c18v3.46\pic18-lt\cxx-framework\src\traditional\proc\p18f4520.asm
                     DDRE   0x000f96       data     extern E:\c18v3.46\pic18-lt\cxx-framework\src\traditional\proc\p18f4520.asm
                 DDREbits   0x000f96       data     extern E:\c18v3.46\pic18-lt\cxx-framework\src\traditional\proc\p18f4520.asm
                   DayStr   0x0003d3       data     extern C:\Users\JO\Desktop\MB_SLAVE_UPDATED\MB_SLAVE_UPDATED\source\rtc_driver.c
            DelayCounter1   0x00001e       data     extern E:\c18v3.46\pic18-lt\cxx-framework\src\traditional\delays\delayd1.asm
                  ECCP1AS   0x000fb6       data     extern E:\c18v3.46\pic18-lt\cxx-framework\src\traditional\proc\p18f4520.asm
              ECCP1ASbits   0x000fb6       data     extern E:\c18v3.46\pic18-lt\cxx-framework\src\traditional\proc\p18f4520.asm
                 ECCP1DEL   0x000fb7       data     extern E:\c18v3.46\pic18-lt\cxx-framework\src\traditional\proc\p18f4520.asm
             ECCP1DELbits   0x000fb7       data     extern E:\c18v3.46\pic18-lt\cxx-framework\src\traditional\proc\p18f4520.asm
                   ECCPAS   0x000fb6       data     extern E:\c18v3.46\pic18-lt\cxx-framework\src\traditional\proc\p18f4520.asm
               ECCPASbits   0x000fb6       data     extern E:\c18v3.46\pic18-lt\cxx-framework\src\traditional\proc\p18f4520.asm
                    EEADR   0x000fa9       data     extern E:\c18v3.46\pic18-lt\cxx-framework\src\traditional\proc\p18f4520.asm
                   EECON1   0x000fa6       data     extern E:\c18v3.46\pic18-lt\cxx-framework\src\traditional\proc\p18f4520.asm
               EECON1bits   0x000fa6       data     extern E:\c18v3.46\pic18-lt\cxx-framework\src\traditional\proc\p18f4520.asm
                   EECON2   0x000fa7       data     extern E:\c18v3.46\pic18-lt\cxx-framework\src\traditional\proc\p18f4520.asm
                   EEDATA   0x000fa8       data     extern E:\c18v3.46\pic18-lt\cxx-framework\src\traditional\proc\p18f4520.asm
                     FSR0   0x000fe9       data     extern E:\c18v3.46\pic18-lt\cxx-framework\src\traditional\proc\p18f4520.asm
                    FSR0H   0x000fea       data     extern E:\c18v3.46\pic18-lt\cxx-framework\src\traditional\proc\p18f4520.asm
                    FSR0L   0x000fe9       data     extern E:\c18v3.46\pic18-lt\cxx-framework\src\traditional\proc\p18f4520.asm
                     FSR1   0x000fe1       data     extern E:\c18v3.46\pic18-lt\cxx-framework\src\traditional\proc\p18f4520.asm
                    FSR1H   0x000fe2       data     extern E:\c18v3.46\pic18-lt\cxx-framework\src\traditional\proc\p18f4520.asm
                    FSR1L   0x000fe1       data     extern E:\c18v3.46\pic18-lt\cxx-framework\src\traditional\proc\p18f4520.asm
                     FSR2   0x000fd9       data     extern E:\c18v3.46\pic18-lt\cxx-framework\src\traditional\proc\p18f4520.asm
                    FSR2H   0x000fda       data     extern E:\c18v3.46\pic18-lt\cxx-framework\src\traditional\proc\p18f4520.asm
                    FSR2L   0x000fd9       data     extern E:\c18v3.46\pic18-lt\cxx-framework\src\traditional\proc\p18f4520.asm
                  HLVDCON   0x000fd2       data     extern E:\c18v3.46\pic18-lt\cxx-framework\src\traditional\proc\p18f4520.asm
              HLVDCONbits   0x000fd2       data     extern E:\c18v3.46\pic18-lt\cxx-framework\src\traditional\proc\p18f4520.asm
                    INDF0   0x000fef       data     extern E:\c18v3.46\pic18-lt\cxx-framework\src\traditional\proc\p18f4520.asm
                    INDF1   0x000fe7       data     extern E:\c18v3.46\pic18-lt\cxx-framework\src\traditional\proc\p18f4520.asm
                    INDF2   0x000fdf       data     extern E:\c18v3.46\pic18-lt\cxx-framework\src\traditional\proc\p18f4520.asm
                   INTCON   0x000ff2       data     extern E:\c18v3.46\pic18-lt\cxx-framework\src\traditional\proc\p18f4520.asm
                  INTCON2   0x000ff1       data     extern E:\c18v3.46\pic18-lt\cxx-framework\src\traditional\proc\p18f4520.asm
              INTCON2bits   0x000ff1       data     extern E:\c18v3.46\pic18-lt\cxx-framework\src\traditional\proc\p18f4520.asm
                  INTCON3   0x000ff0       data     extern E:\c18v3.46\pic18-lt\cxx-framework\src\traditional\proc\p18f4520.asm
              INTCON3bits   0x000ff0       data     extern E:\c18v3.46\pic18-lt\cxx-framework\src\traditional\proc\p18f4520.asm
               INTCONbits   0x000ff2       data     extern E:\c18v3.46\pic18-lt\cxx-framework\src\traditional\proc\p18f4520.asm
                     IPR1   0x000f9f       data     extern E:\c18v3.46\pic18-lt\cxx-framework\src\traditional\proc\p18f4520.asm
                 IPR1bits   0x000f9f       data     extern E:\c18v3.46\pic18-lt\cxx-framework\src\traditional\proc\p18f4520.asm
                     IPR2   0x000fa2       data     extern E:\c18v3.46\pic18-lt\cxx-framework\src\traditional\proc\p18f4520.asm
                 IPR2bits   0x000fa2       data     extern E:\c18v3.46\pic18-lt\cxx-framework\src\traditional\proc\p18f4520.asm
                     LATA   0x000f89       data     extern E:\c18v3.46\pic18-lt\cxx-framework\src\traditional\proc\p18f4520.asm
                 LATAbits   0x000f89       data     extern E:\c18v3.46\pic18-lt\cxx-framework\src\traditional\proc\p18f4520.asm
                     LATB   0x000f8a       data     extern E:\c18v3.46\pic18-lt\cxx-framework\src\traditional\proc\p18f4520.asm
                 LATBbits   0x000f8a       data     extern E:\c18v3.46\pic18-lt\cxx-framework\src\traditional\proc\p18f4520.asm
                     LATC   0x000f8b       data     extern E:\c18v3.46\pic18-lt\cxx-framework\src\traditional\proc\p18f4520.asm
                 LATCbits   0x000f8b       data     extern E:\c18v3.46\pic18-lt\cxx-framework\src\traditional\proc\p18f4520.asm
                     LATD   0x000f8c       data     extern E:\c18v3.46\pic18-lt\cxx-framework\src\traditional\proc\p18f4520.asm
                 LATDbits   0x000f8c       data     extern E:\c18v3.46\pic18-lt\cxx-framework\src\traditional\proc\p18f4520.asm
                     LATE   0x000f8d       data     extern E:\c18v3.46\pic18-lt\cxx-framework\src\traditional\proc\p18f4520.asm
                 LATEbits   0x000f8d       data     extern E:\c18v3.46\pic18-lt\cxx-framework\src\traditional\proc\p18f4520.asm
                  LED_MAP   0x0001e8       data     extern C:\Users\JO\Desktop\MB_SLAVE_UPDATED\MB_SLAVE_UPDATED\source\digit_driver.c
                   LVDCON   0x000fd2       data     extern E:\c18v3.46\pic18-lt\cxx-framework\src\traditional\proc\p18f4520.asm
               LVDCONbits   0x000fd2       data     extern E:\c18v3.46\pic18-lt\cxx-framework\src\traditional\proc\p18f4520.asm
                 MonthStr   0x0003e1       data     extern C:\Users\JO\Desktop\MB_SLAVE_UPDATED\MB_SLAVE_UPDATED\source\rtc_driver.c
                   OSCCON   0x000fd3       data     extern E:\c18v3.46\pic18-lt\cxx-framework\src\traditional\proc\p18f4520.asm
               OSCCONbits   0x000fd3       data     extern E:\c18v3.46\pic18-lt\cxx-framework\src\traditional\proc\p18f4520.asm
                  OSCTUNE   0x000f9b       data     extern E:\c18v3.46\pic18-lt\cxx-framework\src\traditional\proc\p18f4520.asm
              OSCTUNEbits   0x000f9b       data     extern E:\c18v3.46\pic18-lt\cxx-framework\src\traditional\proc\p18f4520.asm
                       PC   0x000ff9       data     extern E:\c18v3.46\pic18-lt\cxx-framework\src\traditional\proc\p18f4520.asm
                      PCL   0x000ff9       data     extern E:\c18v3.46\pic18-lt\cxx-framework\src\traditional\proc\p18f4520.asm
                   PCLATH   0x000ffa       data     extern E:\c18v3.46\pic18-lt\cxx-framework\src\traditional\proc\p18f4520.asm
                   PCLATU   0x000ffb       data     extern E:\c18v3.46\pic18-lt\cxx-framework\src\traditional\proc\p18f4520.asm
                     PIE1   0x000f9d       data     extern E:\c18v3.46\pic18-lt\cxx-framework\src\traditional\proc\p18f4520.asm
                 PIE1bits   0x000f9d       data     extern E:\c18v3.46\pic18-lt\cxx-framework\src\traditional\proc\p18f4520.asm
                     PIE2   0x000fa0       data     extern E:\c18v3.46\pic18-lt\cxx-framework\src\traditional\proc\p18f4520.asm
                 PIE2bits   0x000fa0       data     extern E:\c18v3.46\pic18-lt\cxx-framework\src\traditional\proc\p18f4520.asm
                     PIR1   0x000f9e       data     extern E:\c18v3.46\pic18-lt\cxx-framework\src\traditional\proc\p18f4520.asm
                 PIR1bits   0x000f9e       data     extern E:\c18v3.46\pic18-lt\cxx-framework\src\traditional\proc\p18f4520.asm
                     PIR2   0x000fa1       data     extern E:\c18v3.46\pic18-lt\cxx-framework\src\traditional\proc\p18f4520.asm
                 PIR2bits   0x000fa1       data     extern E:\c18v3.46\pic18-lt\cxx-framework\src\traditional\proc\p18f4520.asm
                   PLUSW0   0x000feb       data     extern E:\c18v3.46\pic18-lt\cxx-framework\src\traditional\proc\p18f4520.asm
                   PLUSW1   0x000fe3       data     extern E:\c18v3.46\pic18-lt\cxx-framework\src\traditional\proc\p18f4520.asm
                   PLUSW2   0x000fdb       data     extern E:\c18v3.46\pic18-lt\cxx-framework\src\traditional\proc\p18f4520.asm
                    PORTA   0x000f80       data     extern E:\c18v3.46\pic18-lt\cxx-framework\src\traditional\proc\p18f4520.asm
                PORTAbits   0x000f80       data     extern E:\c18v3.46\pic18-lt\cxx-framework\src\traditional\proc\p18f4520.asm
                    PORTB   0x000f81       data     extern E:\c18v3.46\pic18-lt\cxx-framework\src\traditional\proc\p18f4520.asm
                PORTBbits   0x000f81       data     extern E:\c18v3.46\pic18-lt\cxx-framework\src\traditional\proc\p18f4520.asm
                    PORTC   0x000f82       data     extern E:\c18v3.46\pic18-lt\cxx-framework\src\traditional\proc\p18f4520.asm
                PORTCbits   0x000f82       data     extern E:\c18v3.46\pic18-lt\cxx-framework\src\traditional\proc\p18f4520.asm
                    PORTD   0x000f83       data     extern E:\c18v3.46\pic18-lt\cxx-framework\src\traditional\proc\p18f4520.asm
                PORTDbits   0x000f83       data     extern E:\c18v3.46\pic18-lt\cxx-framework\src\traditional\proc\p18f4520.asm
                    PORTE   0x000f84       data     extern E:\c18v3.46\pic18-lt\cxx-framework\src\traditional\proc\p18f4520.asm
                PORTEbits   0x000f84       data     extern E:\c18v3.46\pic18-lt\cxx-framework\src\traditional\proc\p18f4520.asm
                 POSTDEC0   0x000fed       data     extern E:\c18v3.46\pic18-lt\cxx-framework\src\traditional\proc\p18f4520.asm
                 POSTDEC1   0x000fe5       data     extern E:\c18v3.46\pic18-lt\cxx-framework\src\traditional\proc\p18f4520.asm
                 POSTDEC2   0x000fdd       data     extern E:\c18v3.46\pic18-lt\cxx-framework\src\traditional\proc\p18f4520.asm
                 POSTINC0   0x000fee       data     extern E:\c18v3.46\pic18-lt\cxx-framework\src\traditional\proc\p18f4520.asm
                 POSTINC1   0x000fe6       data     extern E:\c18v3.46\pic18-lt\cxx-framework\src\traditional\proc\p18f4520.asm
                 POSTINC2   0x000fde       data     extern E:\c18v3.46\pic18-lt\cxx-framework\src\traditional\proc\p18f4520.asm
                      PR2   0x000fcb       data     extern E:\c18v3.46\pic18-lt\cxx-framework\src\traditional\proc\p18f4520.asm
                  PREINC0   0x000fec       data     extern E:\c18v3.46\pic18-lt\cxx-framework\src\traditional\proc\p18f4520.asm
                  PREINC1   0x000fe4       data     extern E:\c18v3.46\pic18-lt\cxx-framework\src\traditional\proc\p18f4520.asm
                  PREINC2   0x000fdc       data     extern E:\c18v3.46\pic18-lt\cxx-framework\src\traditional\proc\p18f4520.asm
                     PROD   0x000ff3       data     extern E:\c18v3.46\pic18-lt\cxx-framework\src\traditional\proc\p18f4520.asm
                    PRODH   0x000ff4       data     extern E:\c18v3.46\pic18-lt\cxx-framework\src\traditional\proc\p18f4520.asm
                    PRODL   0x000ff3       data     extern E:\c18v3.46\pic18-lt\cxx-framework\src\traditional\proc\p18f4520.asm
                  PWM1CON   0x000fb7       data     extern E:\c18v3.46\pic18-lt\cxx-framework\src\traditional\proc\p18f4520.asm
              PWM1CONbits   0x000fb7       data     extern E:\c18v3.46\pic18-lt\cxx-framework\src\traditional\proc\p18f4520.asm
                     RCON   0x000fd0       data     extern E:\c18v3.46\pic18-lt\cxx-framework\src\traditional\proc\p18f4520.asm
                 RCONbits   0x000fd0       data     extern E:\c18v3.46\pic18-lt\cxx-framework\src\traditional\proc\p18f4520.asm
                    RCREG   0x000fae       data     extern E:\c18v3.46\pic18-lt\cxx-framework\src\traditional\proc\p18f4520.asm
                    RCSTA   0x000fab       data     extern E:\c18v3.46\pic18-lt\cxx-framework\src\traditional\proc\p18f4520.asm
                RCSTAbits   0x000fab       data     extern E:\c18v3.46\pic18-lt\cxx-framework\src\traditional\proc\p18f4520.asm
             RegistersRTC   0x000400       data     extern C:\Users\JO\Desktop\MB_SLAVE_UPDATED\MB_SLAVE_UPDATED\source\rtc_driver.c
                     SIGN   0x000000       data     extern E:\c18v3.46\pic18-lt\cxx-framework\src\traditional\math\cmath18.asm
                    SPBRG   0x000faf       data     extern E:\c18v3.46\pic18-lt\cxx-framework\src\traditional\proc\p18f4520.asm
                   SPBRGH   0x000fb0       data     extern E:\c18v3.46\pic18-lt\cxx-framework\src\traditional\proc\p18f4520.asm
                   SSPADD   0x000fc8       data     extern E:\c18v3.46\pic18-lt\cxx-framework\src\traditional\proc\p18f4520.asm
                   SSPBUF   0x000fc9       data     extern E:\c18v3.46\pic18-lt\cxx-framework\src\traditional\proc\p18f4520.asm
                  SSPCON1   0x000fc6       data     extern E:\c18v3.46\pic18-lt\cxx-framework\src\traditional\proc\p18f4520.asm
              SSPCON1bits   0x000fc6       data     extern E:\c18v3.46\pic18-lt\cxx-framework\src\traditional\proc\p18f4520.asm
                  SSPCON2   0x000fc5       data     extern E:\c18v3.46\pic18-lt\cxx-framework\src\traditional\proc\p18f4520.asm
              SSPCON2bits   0x000fc5       data     extern E:\c18v3.46\pic18-lt\cxx-framework\src\traditional\proc\p18f4520.asm
                  SSPSTAT   0x000fc7       data     extern E:\c18v3.46\pic18-lt\cxx-framework\src\traditional\proc\p18f4520.asm
              SSPSTATbits   0x000fc7       data     extern E:\c18v3.46\pic18-lt\cxx-framework\src\traditional\proc\p18f4520.asm
                   STATUS   0x000fd8       data     extern E:\c18v3.46\pic18-lt\cxx-framework\src\traditional\proc\p18f4520.asm
               STATUSbits   0x000fd8       data     extern E:\c18v3.46\pic18-lt\cxx-framework\src\traditional\proc\p18f4520.asm
                   STKPTR   0x000ffc       data     extern E:\c18v3.46\pic18-lt\cxx-framework\src\traditional\proc\p18f4520.asm
               STKPTRbits   0x000ffc       data     extern E:\c18v3.46\pic18-lt\cxx-framework\src\traditional\proc\p18f4520.asm
                    T0CON   0x000fd5       data     extern E:\c18v3.46\pic18-lt\cxx-framework\src\traditional\proc\p18f4520.asm
                T0CONbits   0x000fd5       data     extern E:\c18v3.46\pic18-lt\cxx-framework\src\traditional\proc\p18f4520.asm
                    T1CON   0x000fcd       data     extern E:\c18v3.46\pic18-lt\cxx-framework\src\traditional\proc\p18f4520.asm
                T1CONbits   0x000fcd       data     extern E:\c18v3.46\pic18-lt\cxx-framework\src\traditional\proc\p18f4520.asm
                    T2CON   0x000fca       data     extern E:\c18v3.46\pic18-lt\cxx-framework\src\traditional\proc\p18f4520.asm
                T2CONbits   0x000fca       data     extern E:\c18v3.46\pic18-lt\cxx-framework\src\traditional\proc\p18f4520.asm
                    T3CON   0x000fb1       data     extern E:\c18v3.46\pic18-lt\cxx-framework\src\traditional\proc\p18f4520.asm
                T3CONbits   0x000fb1       data     extern E:\c18v3.46\pic18-lt\cxx-framework\src\traditional\proc\p18f4520.asm
                   TABLAT   0x000ff5       data     extern E:\c18v3.46\pic18-lt\cxx-framework\src\traditional\proc\p18f4520.asm
                   TBLPTR   0x000ff6       data     extern E:\c18v3.46\pic18-lt\cxx-framework\src\traditional\proc\p18f4520.asm
                  TBLPTRH   0x000ff7       data     extern E:\c18v3.46\pic18-lt\cxx-framework\src\traditional\proc\p18f4520.asm
                  TBLPTRL   0x000ff6       data     extern E:\c18v3.46\pic18-lt\cxx-framework\src\traditional\proc\p18f4520.asm
                  TBLPTRU   0x000ff8       data     extern E:\c18v3.46\pic18-lt\cxx-framework\src\traditional\proc\p18f4520.asm
                    TMR0H   0x000fd7       data     extern E:\c18v3.46\pic18-lt\cxx-framework\src\traditional\proc\p18f4520.asm
                    TMR0L   0x000fd6       data     extern E:\c18v3.46\pic18-lt\cxx-framework\src\traditional\proc\p18f4520.asm
                    TMR1H   0x000fcf       data     extern E:\c18v3.46\pic18-lt\cxx-framework\src\traditional\proc\p18f4520.asm
                    TMR1L   0x000fce       data     extern E:\c18v3.46\pic18-lt\cxx-framework\src\traditional\proc\p18f4520.asm
                     TMR2   0x000fcc       data     extern E:\c18v3.46\pic18-lt\cxx-framework\src\traditional\proc\p18f4520.asm
                    TMR3H   0x000fb3       data     extern E:\c18v3.46\pic18-lt\cxx-framework\src\traditional\proc\p18f4520.asm
                    TMR3L   0x000fb2       data     extern E:\c18v3.46\pic18-lt\cxx-framework\src\traditional\proc\p18f4520.asm
                      TOS   0x000ffd       data     extern E:\c18v3.46\pic18-lt\cxx-framework\src\traditional\proc\p18f4520.asm
                     TOSH   0x000ffe       data     extern E:\c18v3.46\pic18-lt\cxx-framework\src\traditional\proc\p18f4520.asm
                     TOSL   0x000ffd       data     extern E:\c18v3.46\pic18-lt\cxx-framework\src\traditional\proc\p18f4520.asm
                     TOSU   0x000fff       data     extern E:\c18v3.46\pic18-lt\cxx-framework\src\traditional\proc\p18f4520.asm
                    TRISA   0x000f92       data     extern E:\c18v3.46\pic18-lt\cxx-framework\src\traditional\proc\p18f4520.asm
                TRISAbits   0x000f92       data     extern E:\c18v3.46\pic18-lt\cxx-framework\src\traditional\proc\p18f4520.asm
                    TRISB   0x000f93       data     extern E:\c18v3.46\pic18-lt\cxx-framework\src\traditional\proc\p18f4520.asm
                TRISBbits   0x000f93       data     extern E:\c18v3.46\pic18-lt\cxx-framework\src\traditional\proc\p18f4520.asm
                    TRISC   0x000f94       data     extern E:\c18v3.46\pic18-lt\cxx-framework\src\traditional\proc\p18f4520.asm
                TRISCbits   0x000f94       data     extern E:\c18v3.46\pic18-lt\cxx-framework\src\traditional\proc\p18f4520.asm
                    TRISD   0x000f95       data     extern E:\c18v3.46\pic18-lt\cxx-framework\src\traditional\proc\p18f4520.asm
                TRISDbits   0x000f95       data     extern E:\c18v3.46\pic18-lt\cxx-framework\src\traditional\proc\p18f4520.asm
                    TRISE   0x000f96       data     extern E:\c18v3.46\pic18-lt\cxx-framework\src\traditional\proc\p18f4520.asm
                TRISEbits   0x000f96       data     extern E:\c18v3.46\pic18-lt\cxx-framework\src\traditional\proc\p18f4520.asm
                    TXREG   0x000fad       data     extern E:\c18v3.46\pic18-lt\cxx-framework\src\traditional\proc\p18f4520.asm
                    TXSTA   0x000fac       data     extern E:\c18v3.46\pic18-lt\cxx-framework\src\traditional\proc\p18f4520.asm
                TXSTAbits   0x000fac       data     extern E:\c18v3.46\pic18-lt\cxx-framework\src\traditional\proc\p18f4520.asm
            TimeClockMode   0x000410       data     extern C:\Users\JO\Desktop\MB_SLAVE_UPDATED\MB_SLAVE_UPDATED\source\rtc_driver.c
  TimeClockUpdateRequired   0x000407       data     extern C:\Users\JO\Desktop\MB_SLAVE_UPDATED\MB_SLAVE_UPDATED\source\rtc_driver.c
             USART_Status   0x0001fd       data     extern E:\c18v3.46\pic18-lt\cxx-framework\src\pmc_common\USART\udefs.c
                        W   0x000fe8       data     extern E:\c18v3.46\pic18-lt\cxx-framework\src\traditional\proc\p18f4520.asm
                   WDTCON   0x000fd1       data     extern E:\c18v3.46\pic18-lt\cxx-framework\src\traditional\proc\p18f4520.asm
               WDTCONbits   0x000fd1       data     extern E:\c18v3.46\pic18-lt\cxx-framework\src\traditional\proc\p18f4520.asm
                     WREG   0x000fe8       data     extern E:\c18v3.46\pic18-lt\cxx-framework\src\traditional\proc\p18f4520.asm
                 __AARGB0   0x000009       data     extern E:\c18v3.46\pic18-lt\cxx-framework\src\traditional\math\aarg.asm
                 __AARGB1   0x000008       data     extern E:\c18v3.46\pic18-lt\cxx-framework\src\traditional\math\aarg.asm
                 __AARGB2   0x000007       data     extern E:\c18v3.46\pic18-lt\cxx-framework\src\traditional\math\aarg.asm
                 __AARGB3   0x000006       data     extern E:\c18v3.46\pic18-lt\cxx-framework\src\traditional\math\aarg.asm
                 __AARGB4   0x000005       data     extern E:\c18v3.46\pic18-lt\cxx-framework\src\traditional\math\aarg.asm
                 __AARGB5   0x000004       data     extern E:\c18v3.46\pic18-lt\cxx-framework\src\traditional\math\aarg.asm
                 __AARGB6   0x000003       data     extern E:\c18v3.46\pic18-lt\cxx-framework\src\traditional\math\aarg.asm
                 __AARGB7   0x000002       data     extern E:\c18v3.46\pic18-lt\cxx-framework\src\traditional\math\aarg.asm
                   __AEXP   0x00000a       data     extern E:\c18v3.46\pic18-lt\cxx-framework\src\traditional\math\aarg.asm
                 __BARGB0   0x00000e       data     extern E:\c18v3.46\pic18-lt\cxx-framework\src\traditional\math\barg.asm
                 __BARGB1   0x00000d       data     extern E:\c18v3.46\pic18-lt\cxx-framework\src\traditional\math\barg.asm
                 __BARGB2   0x00000c       data     extern E:\c18v3.46\pic18-lt\cxx-framework\src\traditional\math\barg.asm
                 __BARGB3   0x00000b       data     extern E:\c18v3.46\pic18-lt\cxx-framework\src\traditional\math\barg.asm
                   __BEXP   0x00000f       data     extern E:\c18v3.46\pic18-lt\cxx-framework\src\traditional\math\barg.asm
                __FPFLAGS   0x000001       data     extern E:\c18v3.46\pic18-lt\cxx-framework\src\traditional\math\cmath18.asm
            __FPFLAGSbits   0x000001       data     extern E:\c18v3.46\pic18-lt\cxx-framework\src\traditional\math\cmath18.asm
                  __REMB0   0x000005       data     extern E:\c18v3.46\pic18-lt\cxx-framework\src\traditional\math\aarg.asm
                  __REMB1   0x000004       data     extern E:\c18v3.46\pic18-lt\cxx-framework\src\traditional\math\aarg.asm
                  __REMB2   0x000003       data     extern E:\c18v3.46\pic18-lt\cxx-framework\src\traditional\math\aarg.asm
                  __REMB3   0x000002       data     extern E:\c18v3.46\pic18-lt\cxx-framework\src\traditional\math\aarg.asm
                   __TEMP   0x000013       data     extern E:\c18v3.46\pic18-lt\cxx-framework\src\traditional\math\temparg.asm
                 __TEMPB0   0x000013       data     extern E:\c18v3.46\pic18-lt\cxx-framework\src\traditional\math\temparg.asm
                 __TEMPB1   0x000012       data     extern E:\c18v3.46\pic18-lt\cxx-framework\src\traditional\math\temparg.asm
                 __TEMPB2   0x000011       data     extern E:\c18v3.46\pic18-lt\cxx-framework\src\traditional\math\temparg.asm
                 __TEMPB3   0x000010       data     extern E:\c18v3.46\pic18-lt\cxx-framework\src\traditional\math\temparg.asm
                  __tmp_0   0x000014       data     static C:\Users\JO\Desktop\MB_SLAVE_UPDATED\MB_SLAVE_UPDATED\source\app.c
                  __tmp_0   0x000014       data     static C:\Users\JO\Desktop\MB_SLAVE_UPDATED\MB_SLAVE_UPDATED\source\i2c_driver.c
                  __tmp_0   0x000014       data     static C:\Users\JO\Desktop\MB_SLAVE_UPDATED\MB_SLAVE_UPDATED\source\linearkeypad.c
                  __tmp_0   0x000014       data     static C:\Users\JO\Desktop\MB_SLAVE_UPDATED\MB_SLAVE_UPDATED\source\main.c
                  __tmp_0   0x000014       data     static C:\Users\JO\Desktop\MB_SLAVE_UPDATED\MB_SLAVE_UPDATED\source\MMD.c
                  __tmp_0   0x000014       data     static C:\Users\JO\Desktop\MB_SLAVE_UPDATED\MB_SLAVE_UPDATED\source\rtc_driver.c
                  __tmp_0   0x000014       data     static E:\c18v3.46\pic18-lt\cxx-framework\src\pmc_common\USART\uopen.c
                  __tmp_0   0x000014       data     static C:\Users\JO\Desktop\MB_SLAVE_UPDATED\MB_SLAVE_UPDATED\source\uart.c
                  __tmp_0   0x000014       data     static C:\Users\JO\Desktop\MB_SLAVE_UPDATED\MB_SLAVE_UPDATED\modbus\source\mbfunc.c
                  __tmp_0   0x000014       data     static C:\Users\JO\Desktop\MB_SLAVE_UPDATED\MB_SLAVE_UPDATED\modbus\source\mb.c
                      app   0x000500       data     extern C:\Users\JO\Desktop\MB_SLAVE_UPDATED\MB_SLAVE_UPDATED\source\app.c
           comUpdateCount   0x0001de       data     extern C:\Users\JO\Desktop\MB_SLAVE_UPDATED\MB_SLAVE_UPDATED\source\timer.c
                    count   0x00052d       data     static C:\Users\JO\Desktop\MB_SLAVE_UPDATED\MB_SLAVE_UPDATED\source\app.c
                      crc   0x000533       data     static C:\Users\JO\Desktop\MB_SLAVE_UPDATED\MB_SLAVE_UPDATED\modbus\source\mb.c
                curr_byte   0x0001f6       data     static E:\c18v3.46\pic18-lt\cxx-framework\src\traditional\startup\c018i.c
               curr_entry   0x0001f8       data     static E:\c18v3.46\pic18-lt\cxx-framework\src\traditional\startup\c018i.c
                 data_ptr   0x0001fa       data     static E:\c18v3.46\pic18-lt\cxx-framework\src\traditional\startup\c018i.c
               eException   0x000532       data     static C:\Users\JO\Desktop\MB_SLAVE_UPDATED\MB_SLAVE_UPDATED\modbus\source\mb.c
           heartBeatCount   0x0001d8       data     extern C:\Users\JO\Desktop\MB_SLAVE_UPDATED\MB_SLAVE_UPDATED\source\timer.c
                 iSRState   0x0001b5       data     extern C:\Users\JO\Desktop\MB_SLAVE_UPDATED\MB_SLAVE_UPDATED\source\MMD.c
       keypadUpdate_count   0x0001dc       data     extern C:\Users\JO\Desktop\MB_SLAVE_UPDATED\MB_SLAVE_UPDATED\source\timer.c
                     keys   0x00034b       data     extern C:\Users\JO\Desktop\MB_SLAVE_UPDATED\MB_SLAVE_UPDATED\source\linearkeypad.c
                 ledState   0x0001ff       data     extern C:\Users\JO\Desktop\MB_SLAVE_UPDATED\MB_SLAVE_UPDATED\source\heartBeat.c
                 ledState   0x0001fe       data     static C:\Users\JO\Desktop\MB_SLAVE_UPDATED\MB_SLAVE_UPDATED\source\board.c
                mmdConfig   0x000520       data     extern C:\Users\JO\Desktop\MB_SLAVE_UPDATED\MB_SLAVE_UPDATED\source\app.c
               mmdSegment   0x000100       data     extern C:\Users\JO\Desktop\MB_SLAVE_UPDATED\MB_SLAVE_UPDATED\source\MMD.c
           mmdUpdateCount   0x0001e0       data     extern C:\Users\JO\Desktop\MB_SLAVE_UPDATED\MB_SLAVE_UPDATED\source\timer.c
                portValue   0x000346       data     extern C:\Users\JO\Desktop\MB_SLAVE_UPDATED\MB_SLAVE_UPDATED\source\linearkeypad.c
                  prevSec   0x0003f9       data     static C:\Users\JO\Desktop\MB_SLAVE_UPDATED\MB_SLAVE_UPDATED\source\rtc_driver.c
                     prom   0x0001f3       data     static E:\c18v3.46\pic18-lt\cxx-framework\src\traditional\startup\c018i.c
                 sMBslave   0x000300       data     extern C:\Users\JO\Desktop\MB_SLAVE_UPDATED\MB_SLAVE_UPDATED\modbus\source\mb.c
                stRtcRegs   0x000408       data     extern C:\Users\JO\Desktop\MB_SLAVE_UPDATED\MB_SLAVE_UPDATED\source\rtc_driver.c
     timeStampUpdateCount   0x0001e2       data     extern C:\Users\JO\Desktop\MB_SLAVE_UPDATED\MB_SLAVE_UPDATED\source\timer.c
                      tmr   0x000411       data     extern C:\Users\JO\Desktop\MB_SLAVE_UPDATED\MB_SLAVE_UPDATED\source\timer.c
                     uart   0x000355       data     extern C:\Users\JO\Desktop\MB_SLAVE_UPDATED\MB_SLAVE_UPDATED\source\uart.c
           ucFunctionCode   0x00052f       data     static C:\Users\JO\Desktop\MB_SLAVE_UPDATED\MB_SLAVE_UPDATED\modbus\source\mb.c
              ucMBSlaveID   0x0001b6       data     static C:\Users\JO\Desktop\MB_SLAVE_UPDATED\MB_SLAVE_UPDATED\modbus\source\mbfunc.c
             ucRcvAddress   0x00052e       data     static C:\Users\JO\Desktop\MB_SLAVE_UPDATED\MB_SLAVE_UPDATED\modbus\source\mb.c
                 usLength   0x000530       data     static C:\Users\JO\Desktop\MB_SLAVE_UPDATED\MB_SLAVE_UPDATED\modbus\source\mb.c
           usMBSlaveIDLen   0x0001d6       data     static C:\Users\JO\Desktop\MB_SLAVE_UPDATED\MB_SLAVE_UPDATED\modbus\source\mbfunc.c
      writeTimeDateBuffer   0x000526       data     extern C:\Users\JO\Desktop\MB_SLAVE_UPDATED\MB_SLAVE_UPDATED\source\app.c



                              Symbols - Sorted by Address
                     Name    Address   Location    Storage File                     
                ---------  ---------  ---------  --------- ---------                
                   _entry   0x000000    program     extern E:\c18v3.46\pic18-lt\cxx-framework\src\traditional\startup\c018i.c
       ___return_lbl00000   0x000004    program     static                          
           high_interrupt   0x000008    program     extern C:\Users\JO\Desktop\MB_SLAVE_UPDATED\MB_SLAVE_UPDATED\source\interruptvector.c
           ___if_lbl00001   0x000010    program     static                          
           ___if_lbl00002   0x000018    program     static                          
       ___return_lbl00000   0x000020    program     static                          
           ___if_lbl00003   0x000020    program     static                          
         EnableInterrupts   0x000022    program     extern C:\Users\JO\Desktop\MB_SLAVE_UPDATED\MB_SLAVE_UPDATED\source\interruptvector.c
                   getBit   0x0000cc    program     static C:\Users\JO\Desktop\MB_SLAVE_UPDATED\MB_SLAVE_UPDATED\source\MMD.c
                   setBit   0x00010c    program     static C:\Users\JO\Desktop\MB_SLAVE_UPDATED\MB_SLAVE_UPDATED\source\MMD.c
                 clearBit   0x000142    program     static C:\Users\JO\Desktop\MB_SLAVE_UPDATED\MB_SLAVE_UPDATED\source\MMD.c
                 MMD_init   0x00017a    program     extern C:\Users\JO\Desktop\MB_SLAVE_UPDATED\MB_SLAVE_UPDATED\source\MMD.c
        MMD_configSegment   0x0003e0    program     extern C:\Users\JO\Desktop\MB_SLAVE_UPDATED\MB_SLAVE_UPDATED\source\MMD.c
       MMD_setScrollSpeed   0x000c32    program     extern C:\Users\JO\Desktop\MB_SLAVE_UPDATED\MB_SLAVE_UPDATED\source\MMD.c
         MMD_changeSymbol   0x000c8a    program     extern C:\Users\JO\Desktop\MB_SLAVE_UPDATED\MB_SLAVE_UPDATED\source\MMD.c
         MMD_clearSegment   0x000e58    program     extern C:\Users\JO\Desktop\MB_SLAVE_UPDATED\MB_SLAVE_UPDATED\source\MMD.c
                 MMD_task   0x00109a    program     extern C:\Users\JO\Desktop\MB_SLAVE_UPDATED\MB_SLAVE_UPDATED\source\MMD.c
       MMD_refreshDisplay   0x00183a    program     extern C:\Users\JO\Desktop\MB_SLAVE_UPDATED\MB_SLAVE_UPDATED\source\MMD.c
       WriteDataToDisplay   0x001aae    program     extern C:\Users\JO\Desktop\MB_SLAVE_UPDATED\MB_SLAVE_UPDATED\source\MMD.c
         eMBFuncReadCoils   0x001afe    program     extern C:\Users\JO\Desktop\MB_SLAVE_UPDATED\MB_SLAVE_UPDATED\modbus\source\mbfunc.c
         eMBFuncWriteCoil   0x001d7c    program     extern C:\Users\JO\Desktop\MB_SLAVE_UPDATED\MB_SLAVE_UPDATED\modbus\source\mbfunc.c
eMBFuncWriteMultipleCoils   0x001eee    program     extern C:\Users\JO\Desktop\MB_SLAVE_UPDATED\MB_SLAVE_UPDATED\modbus\source\mbfunc.c
           xMBUtilSetBits   0x002118    program     extern C:\Users\JO\Desktop\MB_SLAVE_UPDATED\MB_SLAVE_UPDATED\modbus\source\mbfunc.c
           xMBUtilGetBits   0x00233c    program     extern C:\Users\JO\Desktop\MB_SLAVE_UPDATED\MB_SLAVE_UPDATED\modbus\source\mbfunc.c
    prveMBError2Exception   0x00247e    program     extern C:\Users\JO\Desktop\MB_SLAVE_UPDATED\MB_SLAVE_UPDATED\modbus\source\mbfunc.c
            eMBSetSlaveID   0x0024bc    program     extern C:\Users\JO\Desktop\MB_SLAVE_UPDATED\MB_SLAVE_UPDATED\modbus\source\mbfunc.c
     eMBFuncReportSlaveID   0x0025b0    program     extern C:\Users\JO\Desktop\MB_SLAVE_UPDATED\MB_SLAVE_UPDATED\modbus\source\mbfunc.c
 eMBFuncReadInputRegister   0x002622    program     extern C:\Users\JO\Desktop\MB_SLAVE_UPDATED\MB_SLAVE_UPDATED\modbus\source\mbfunc.c
eMBFuncWriteHoldingRegister   0x002886    program     extern C:\Users\JO\Desktop\MB_SLAVE_UPDATED\MB_SLAVE_UPDATED\modbus\source\mbfunc.c
eMBFuncWriteMultipleHoldingRegister   0x002974    program     extern C:\Users\JO\Desktop\MB_SLAVE_UPDATED\MB_SLAVE_UPDATED\modbus\source\mbfunc.c
eMBFuncReadHoldingRegister   0x002b78    program     extern C:\Users\JO\Desktop\MB_SLAVE_UPDATED\MB_SLAVE_UPDATED\modbus\source\mbfunc.c
eMBFuncReadWriteMultipleHoldingRegister   0x002dc8    program     extern C:\Users\JO\Desktop\MB_SLAVE_UPDATED\MB_SLAVE_UPDATED\modbus\source\mbfunc.c
eMBFuncReadDiscreteInputs   0x0031c4    program     extern C:\Users\JO\Desktop\MB_SLAVE_UPDATED\MB_SLAVE_UPDATED\modbus\source\mbfunc.c
                 APP_init   0x003442    program     extern C:\Users\JO\Desktop\MB_SLAVE_UPDATED\MB_SLAVE_UPDATED\source\app.c
                 APP_task   0x00345e    program     extern C:\Users\JO\Desktop\MB_SLAVE_UPDATED\MB_SLAVE_UPDATED\source\app.c
[...]
                    TRISD   0x000f95       data     extern E:\c18v3.46\pic18-lt\cxx-framework\src\traditional\proc\p18f4520.asm
                     DDRD   0x000f95       data     extern E:\c18v3.46\pic18-lt\cxx-framework\src\traditional\proc\p18f4520.asm
                 DDRDbits   0x000f95       data     extern E:\c18v3.46\pic18-lt\cxx-framework\src\traditional\proc\p18f4520.asm
                TRISEbits   0x000f96       data     extern E:\c18v3.46\pic18-lt\cxx-framework\src\traditional\proc\p18f4520.asm
                    TRISE   0x000f96       data     extern E:\c18v3.46\pic18-lt\cxx-framework\src\traditional\proc\p18f4520.asm
                     DDRE   0x000f96       data     extern E:\c18v3.46\pic18-lt\cxx-framework\src\traditional\proc\p18f4520.asm
                 DDREbits   0x000f96       data     extern E:\c18v3.46\pic18-lt\cxx-framework\src\traditional\proc\p18f4520.asm
                  OSCTUNE   0x000f9b       data     extern E:\c18v3.46\pic18-lt\cxx-framework\src\traditional\proc\p18f4520.asm
              OSCTUNEbits   0x000f9b       data     extern E:\c18v3.46\pic18-lt\cxx-framework\src\traditional\proc\p18f4520.asm
                 PIE1bits   0x000f9d       data     extern E:\c18v3.46\pic18-lt\cxx-framework\src\traditional\proc\p18f4520.asm
                     PIE1   0x000f9d       data     extern E:\c18v3.46\pic18-lt\cxx-framework\src\traditional\proc\p18f4520.asm
                     PIR1   0x000f9e       data     extern E:\c18v3.46\pic18-lt\cxx-framework\src\traditional\proc\p18f4520.asm
                 PIR1bits   0x000f9e       data     extern E:\c18v3.46\pic18-lt\cxx-framework\src\traditional\proc\p18f4520.asm
                     IPR1   0x000f9f       data     extern E:\c18v3.46\pic18-lt\cxx-framework\src\traditional\proc\p18f4520.asm
                 IPR1bits   0x000f9f       data     extern E:\c18v3.46\pic18-lt\cxx-framework\src\traditional\proc\p18f4520.asm
                     PIE2   0x000fa0       data     extern E:\c18v3.46\pic18-lt\cxx-framework\src\traditional\proc\p18f4520.asm
                 PIE2bits   0x000fa0       data     extern E:\c18v3.46\pic18-lt\cxx-framework\src\traditional\proc\p18f4520.asm
                     PIR2   0x000fa1       data     extern E:\c18v3.46\pic18-lt\cxx-framework\src\traditional\proc\p18f4520.asm
                 PIR2bits   0x000fa1       data     extern E:\c18v3.46\pic18-lt\cxx-framework\src\traditional\proc\p18f4520.asm
                     IPR2   0x000fa2       data     extern E:\c18v3.46\pic18-lt\cxx-framework\src\traditional\proc\p18f4520.asm
                 IPR2bits   0x000fa2       data     extern E:\c18v3.46\pic18-lt\cxx-framework\src\traditional\proc\p18f4520.asm
               EECON1bits   0x000fa6       data     extern E:\c18v3.46\pic18-lt\cxx-framework\src\traditional\proc\p18f4520.asm
                   EECON1   0x000fa6       data     extern E:\c18v3.46\pic18-lt\cxx-framework\src\traditional\proc\p18f4520.asm
                   EECON2   0x000fa7       data     extern E:\c18v3.46\pic18-lt\cxx-framework\src\traditional\proc\p18f4520.asm
                   EEDATA   0x000fa8       data     extern E:\c18v3.46\pic18-lt\cxx-framework\src\traditional\proc\p18f4520.asm
                    EEADR   0x000fa9       data     extern E:\c18v3.46\pic18-lt\cxx-framework\src\traditional\proc\p18f4520.asm
                    RCSTA   0x000fab       data     extern E:\c18v3.46\pic18-lt\cxx-framework\src\traditional\proc\p18f4520.asm
                RCSTAbits   0x000fab       data     extern E:\c18v3.46\pic18-lt\cxx-framework\src\traditional\proc\p18f4520.asm
                    TXSTA   0x000fac       data     extern E:\c18v3.46\pic18-lt\cxx-framework\src\traditional\proc\p18f4520.asm
                TXSTAbits   0x000fac       data     extern E:\c18v3.46\pic18-lt\cxx-framework\src\traditional\proc\p18f4520.asm
                    TXREG   0x000fad       data     extern E:\c18v3.46\pic18-lt\cxx-framework\src\traditional\proc\p18f4520.asm
                    RCREG   0x000fae       data     extern E:\c18v3.46\pic18-lt\cxx-framework\src\traditional\proc\p18f4520.asm
                    SPBRG   0x000faf       data     extern E:\c18v3.46\pic18-lt\cxx-framework\src\traditional\proc\p18f4520.asm
                   SPBRGH   0x000fb0       data     extern E:\c18v3.46\pic18-lt\cxx-framework\src\traditional\proc\p18f4520.asm
                T3CONbits   0x000fb1       data     extern E:\c18v3.46\pic18-lt\cxx-framework\src\traditional\proc\p18f4520.asm
                    T3CON   0x000fb1       data     extern E:\c18v3.46\pic18-lt\cxx-framework\src\traditional\proc\p18f4520.asm
                    TMR3L   0x000fb2       data     extern E:\c18v3.46\pic18-lt\cxx-framework\src\traditional\proc\p18f4520.asm
                    TMR3H   0x000fb3       data     extern E:\c18v3.46\pic18-lt\cxx-framework\src\traditional\proc\p18f4520.asm
                    CMCON   0x000fb4       data     extern E:\c18v3.46\pic18-lt\cxx-framework\src\traditional\proc\p18f4520.asm
                CMCONbits   0x000fb4       data     extern E:\c18v3.46\pic18-lt\cxx-framework\src\traditional\proc\p18f4520.asm
                   CVRCON   0x000fb5       data     extern E:\c18v3.46\pic18-lt\cxx-framework\src\traditional\proc\p18f4520.asm
               CVRCONbits   0x000fb5       data     extern E:\c18v3.46\pic18-lt\cxx-framework\src\traditional\proc\p18f4520.asm
               ECCPASbits   0x000fb6       data     extern E:\c18v3.46\pic18-lt\cxx-framework\src\traditional\proc\p18f4520.asm
                  ECCP1AS   0x000fb6       data     extern E:\c18v3.46\pic18-lt\cxx-framework\src\traditional\proc\p18f4520.asm
              ECCP1ASbits   0x000fb6       data     extern E:\c18v3.46\pic18-lt\cxx-framework\src\traditional\proc\p18f4520.asm
                   ECCPAS   0x000fb6       data     extern E:\c18v3.46\pic18-lt\cxx-framework\src\traditional\proc\p18f4520.asm
              PWM1CONbits   0x000fb7       data     extern E:\c18v3.46\pic18-lt\cxx-framework\src\traditional\proc\p18f4520.asm
                  PWM1CON   0x000fb7       data     extern E:\c18v3.46\pic18-lt\cxx-framework\src\traditional\proc\p18f4520.asm
             ECCP1DELbits   0x000fb7       data     extern E:\c18v3.46\pic18-lt\cxx-framework\src\traditional\proc\p18f4520.asm
                 ECCP1DEL   0x000fb7       data     extern E:\c18v3.46\pic18-lt\cxx-framework\src\traditional\proc\p18f4520.asm
              BAUDCTLbits   0x000fb8       data     extern E:\c18v3.46\pic18-lt\cxx-framework\src\traditional\proc\p18f4520.asm
                  BAUDCTL   0x000fb8       data     extern E:\c18v3.46\pic18-lt\cxx-framework\src\traditional\proc\p18f4520.asm
              BAUDCONbits   0x000fb8       data     extern E:\c18v3.46\pic18-lt\cxx-framework\src\traditional\proc\p18f4520.asm
                  BAUDCON   0x000fb8       data     extern E:\c18v3.46\pic18-lt\cxx-framework\src\traditional\proc\p18f4520.asm
              CCP2CONbits   0x000fba       data     extern E:\c18v3.46\pic18-lt\cxx-framework\src\traditional\proc\p18f4520.asm
                  CCP2CON   0x000fba       data     extern E:\c18v3.46\pic18-lt\cxx-framework\src\traditional\proc\p18f4520.asm
                   CCPR2L   0x000fbb       data     extern E:\c18v3.46\pic18-lt\cxx-framework\src\traditional\proc\p18f4520.asm
                    CCPR2   0x000fbb       data     extern E:\c18v3.46\pic18-lt\cxx-framework\src\traditional\proc\p18f4520.asm
                   CCPR2H   0x000fbc       data     extern E:\c18v3.46\pic18-lt\cxx-framework\src\traditional\proc\p18f4520.asm
              CCP1CONbits   0x000fbd       data     extern E:\c18v3.46\pic18-lt\cxx-framework\src\traditional\proc\p18f4520.asm
                  CCP1CON   0x000fbd       data     extern E:\c18v3.46\pic18-lt\cxx-framework\src\traditional\proc\p18f4520.asm
                    CCPR1   0x000fbe       data     extern E:\c18v3.46\pic18-lt\cxx-framework\src\traditional\proc\p18f4520.asm
                   CCPR1L   0x000fbe       data     extern E:\c18v3.46\pic18-lt\cxx-framework\src\traditional\proc\p18f4520.asm
                   CCPR1H   0x000fbf       data     extern E:\c18v3.46\pic18-lt\cxx-framework\src\traditional\proc\p18f4520.asm
               ADCON2bits   0x000fc0       data     extern E:\c18v3.46\pic18-lt\cxx-framework\src\traditional\proc\p18f4520.asm
                   ADCON2   0x000fc0       data     extern E:\c18v3.46\pic18-lt\cxx-framework\src\traditional\proc\p18f4520.asm
                   ADCON1   0x000fc1       data     extern E:\c18v3.46\pic18-lt\cxx-framework\src\traditional\proc\p18f4520.asm
               ADCON1bits   0x000fc1       data     extern E:\c18v3.46\pic18-lt\cxx-framework\src\traditional\proc\p18f4520.asm
               ADCON0bits   0x000fc2       data     extern E:\c18v3.46\pic18-lt\cxx-framework\src\traditional\proc\p18f4520.asm
                   ADCON0   0x000fc2       data     extern E:\c18v3.46\pic18-lt\cxx-framework\src\traditional\proc\p18f4520.asm
                   ADRESL   0x000fc3       data     extern E:\c18v3.46\pic18-lt\cxx-framework\src\traditional\proc\p18f4520.asm
                    ADRES   0x000fc3       data     extern E:\c18v3.46\pic18-lt\cxx-framework\src\traditional\proc\p18f4520.asm
                   ADRESH   0x000fc4       data     extern E:\c18v3.46\pic18-lt\cxx-framework\src\traditional\proc\p18f4520.asm
                  SSPCON2   0x000fc5       data     extern E:\c18v3.46\pic18-lt\cxx-framework\src\traditional\proc\p18f4520.asm
              SSPCON2bits   0x000fc5       data     extern E:\c18v3.46\pic18-lt\cxx-framework\src\traditional\proc\p18f4520.asm
              SSPCON1bits   0x000fc6       data     extern E:\c18v3.46\pic18-lt\cxx-framework\src\traditional\proc\p18f4520.asm
                  SSPCON1   0x000fc6       data     extern E:\c18v3.46\pic18-lt\cxx-framework\src\traditional\proc\p18f4520.asm
                  SSPSTAT   0x000fc7       data     extern E:\c18v3.46\pic18-lt\cxx-framework\src\traditional\proc\p18f4520.asm
              SSPSTATbits   0x000fc7       data     extern E:\c18v3.46\pic18-lt\cxx-framework\src\traditional\proc\p18f4520.asm
                   SSPADD   0x000fc8       data     extern E:\c18v3.46\pic18-lt\cxx-framework\src\traditional\proc\p18f4520.asm
                   SSPBUF   0x000fc9       data     extern E:\c18v3.46\pic18-lt\cxx-framework\src\traditional\proc\p18f4520.asm
                    T2CON   0x000fca       data     extern E:\c18v3.46\pic18-lt\cxx-framework\src\traditional\proc\p18f4520.asm
                T2CONbits   0x000fca       data     extern E:\c18v3.46\pic18-lt\cxx-framework\src\traditional\proc\p18f4520.asm
                      PR2   0x000fcb       data     extern E:\c18v3.46\pic18-lt\cxx-framework\src\traditional\proc\p18f4520.asm
                     TMR2   0x000fcc       data     extern E:\c18v3.46\pic18-lt\cxx-framework\src\traditional\proc\p18f4520.asm
                T1CONbits   0x000fcd       data     extern E:\c18v3.46\pic18-lt\cxx-framework\src\traditional\proc\p18f4520.asm
                    T1CON   0x000fcd       data     extern E:\c18v3.46\pic18-lt\cxx-framework\src\traditional\proc\p18f4520.asm
                    TMR1L   0x000fce       data     extern E:\c18v3.46\pic18-lt\cxx-framework\src\traditional\proc\p18f4520.asm
                    TMR1H   0x000fcf       data     extern E:\c18v3.46\pic18-lt\cxx-framework\src\traditional\proc\p18f4520.asm
                     RCON   0x000fd0       data     extern E:\c18v3.46\pic18-lt\cxx-framework\src\traditional\proc\p18f4520.asm
                 RCONbits   0x000fd0       data     extern E:\c18v3.46\pic18-lt\cxx-framework\src\traditional\proc\p18f4520.asm
                   WDTCON   0x000fd1       data     extern E:\c18v3.46\pic18-lt\cxx-framework\src\traditional\proc\p18f4520.asm
               WDTCONbits   0x000fd1       data     extern E:\c18v3.46\pic18-lt\cxx-framework\src\traditional\proc\p18f4520.asm
                  HLVDCON   0x000fd2       data     extern E:\c18v3.46\pic18-lt\cxx-framework\src\traditional\proc\p18f4520.asm
              HLVDCONbits   0x000fd2       data     extern E:\c18v3.46\pic18-lt\cxx-framework\src\traditional\proc\p18f4520.asm
                   LVDCON   0x000fd2       data     extern E:\c18v3.46\pic18-lt\cxx-framework\src\traditional\proc\p18f4520.asm
               LVDCONbits   0x000fd2       data     extern E:\c18v3.46\pic18-lt\cxx-framework\src\traditional\proc\p18f4520.asm
                   OSCCON   0x000fd3       data     extern E:\c18v3.46\pic18-lt\cxx-framework\src\traditional\proc\p18f4520.asm
               OSCCONbits   0x000fd3       data     extern E:\c18v3.46\pic18-lt\cxx-framework\src\traditional\proc\p18f4520.asm
                    T0CON   0x000fd5       data     extern E:\c18v3.46\pic18-lt\cxx-framework\src\traditional\proc\p18f4520.asm
                T0CONbits   0x000fd5       data     extern E:\c18v3.46\pic18-lt\cxx-framework\src\traditional\proc\p18f4520.asm
                    TMR0L   0x000fd6       data     extern E:\c18v3.46\pic18-lt\cxx-framework\src\traditional\proc\p18f4520.asm
                    TMR0H   0x000fd7       data     extern E:\c18v3.46\pic18-lt\cxx-framework\src\traditional\proc\p18f4520.asm
               STATUSbits   0x000fd8       data     extern E:\c18v3.46\pic18-lt\cxx-framework\src\traditional\proc\p18f4520.asm
                   STATUS   0x000fd8       data     extern E:\c18v3.46\pic18-lt\cxx-framework\src\traditional\proc\p18f4520.asm
                     FSR2   0x000fd9       data     extern E:\c18v3.46\pic18-lt\cxx-framework\src\traditional\proc\p18f4520.asm
                    FSR2L   0x000fd9       data     extern E:\c18v3.46\pic18-lt\cxx-framework\src\traditional\proc\p18f4520.asm
                    FSR2H   0x000fda       data     extern E:\c18v3.46\pic18-lt\cxx-framework\src\traditional\proc\p18f4520.asm
                   PLUSW2   0x000fdb       data     extern E:\c18v3.46\pic18-lt\cxx-framework\src\traditional\proc\p18f4520.asm
                  PREINC2   0x000fdc       data     extern E:\c18v3.46\pic18-lt\cxx-framework\src\traditional\proc\p18f4520.asm
                 POSTDEC2   0x000fdd       data     extern E:\c18v3.46\pic18-lt\cxx-framework\src\traditional\proc\p18f4520.asm
                 POSTINC2   0x000fde       data     extern E:\c18v3.46\pic18-lt\cxx-framework\src\traditional\proc\p18f4520.asm
                    INDF2   0x000fdf       data     extern E:\c18v3.46\pic18-lt\cxx-framework\src\traditional\proc\p18f4520.asm
                      BSR   0x000fe0       data     extern E:\c18v3.46\pic18-lt\cxx-framework\src\traditional\proc\p18f4520.asm
                     FSR1   0x000fe1       data     extern E:\c18v3.46\pic18-lt\cxx-framework\src\traditional\proc\p18f4520.asm
                    FSR1L   0x000fe1       data     extern E:\c18v3.46\pic18-lt\cxx-framework\src\traditional\proc\p18f4520.asm
                    FSR1H   0x000fe2       data     extern E:\c18v3.46\pic18-lt\cxx-framework\src\traditional\proc\p18f4520.asm
                   PLUSW1   0x000fe3       data     extern E:\c18v3.46\pic18-lt\cxx-framework\src\traditional\proc\p18f4520.asm
                  PREINC1   0x000fe4       data     extern E:\c18v3.46\pic18-lt\cxx-framework\src\traditional\proc\p18f4520.asm
                 POSTDEC1   0x000fe5       data     extern E:\c18v3.46\pic18-lt\cxx-framework\src\traditional\proc\p18f4520.asm
                 POSTINC1   0x000fe6       data     extern E:\c18v3.46\pic18-lt\cxx-framework\src\traditional\proc\p18f4520.asm
                    INDF1   0x000fe7       data     extern E:\c18v3.46\pic18-lt\cxx-framework\src\traditional\proc\p18f4520.asm
                        W   0x000fe8       data     extern E:\c18v3.46\pic18-lt\cxx-framework\src\traditional\proc\p18f4520.asm
                     WREG   0x000fe8       data     extern E:\c18v3.46\pic18-lt\cxx-framework\src\traditional\proc\p18f4520.asm
                    FSR0L   0x000fe9       data     extern E:\c18v3.46\pic18-lt\cxx-framework\src\traditional\proc\p18f4520.asm
                     FSR0   0x000fe9       data     extern E:\c18v3.46\pic18-lt\cxx-framework\src\traditional\proc\p18f4520.asm
                    FSR0H   0x000fea       data     extern E:\c18v3.46\pic18-lt\cxx-framework\src\traditional\proc\p18f4520.asm
                   PLUSW0   0x000feb       data     extern E:\c18v3.46\pic18-lt\cxx-framework\src\traditional\proc\p18f4520.asm
                  PREINC0   0x000fec       data     extern E:\c18v3.46\pic18-lt\cxx-framework\src\traditional\proc\p18f4520.asm
                 POSTDEC0   0x000fed       data     extern E:\c18v3.46\pic18-lt\cxx-framework\src\traditional\proc\p18f4520.asm
                 POSTINC0   0x000fee       data     extern E:\c18v3.46\pic18-lt\cxx-framework\src\traditional\proc\p18f4520.asm
                    INDF0   0x000fef       data     extern E:\c18v3.46\pic18-lt\cxx-framework\src\traditional\proc\p18f4520.asm
                  INTCON3   0x000ff0       data     extern E:\c18v3.46\pic18-lt\cxx-framework\src\traditional\proc\p18f4520.asm
              INTCON3bits   0x000ff0       data     extern E:\c18v3.46\pic18-lt\cxx-framework\src\traditional\proc\p18f4520.asm
                  INTCON2   0x000ff1       data     extern E:\c18v3.46\pic18-lt\cxx-framework\src\traditional\proc\p18f4520.asm
              INTCON2bits   0x000ff1       data     extern E:\c18v3.46\pic18-lt\cxx-framework\src\traditional\proc\p18f4520.asm
                   INTCON   0x000ff2       data     extern E:\c18v3.46\pic18-lt\cxx-framework\src\traditional\proc\p18f4520.asm
               INTCONbits   0x000ff2       data     extern E:\c18v3.46\pic18-lt\cxx-framework\src\traditional\proc\p18f4520.asm
                    PRODL   0x000ff3       data     extern E:\c18v3.46\pic18-lt\cxx-framework\src\traditional\proc\p18f4520.asm
                     PROD   0x000ff3       data     extern E:\c18v3.46\pic18-lt\cxx-framework\src\traditional\proc\p18f4520.asm
                    PRODH   0x000ff4       data     extern E:\c18v3.46\pic18-lt\cxx-framework\src\traditional\proc\p18f4520.asm
                   TABLAT   0x000ff5       data     extern E:\c18v3.46\pic18-lt\cxx-framework\src\traditional\proc\p18f4520.asm
                   TBLPTR   0x000ff6       data     extern E:\c18v3.46\pic18-lt\cxx-framework\src\traditional\proc\p18f4520.asm
                  TBLPTRL   0x000ff6       data     extern E:\c18v3.46\pic18-lt\cxx-framework\src\traditional\proc\p18f4520.asm
                  TBLPTRH   0x000ff7       data     extern E:\c18v3.46\pic18-lt\cxx-framework\src\traditional\proc\p18f4520.asm
                  TBLPTRU   0x000ff8       data     extern E:\c18v3.46\pic18-lt\cxx-framework\src\traditional\proc\p18f4520.asm
                      PCL   0x000ff9       data     extern E:\c18v3.46\pic18-lt\cxx-framework\src\traditional\proc\p18f4520.asm
                       PC   0x000ff9       data     extern E:\c18v3.46\pic18-lt\cxx-framework\src\traditional\proc\p18f4520.asm
                   PCLATH   0x000ffa       data     extern E:\c18v3.46\pic18-lt\cxx-framework\src\traditional\proc\p18f4520.asm
                   PCLATU   0x000ffb       data     extern E:\c18v3.46\pic18-lt\cxx-framework\src\traditional\proc\p18f4520.asm
                   STKPTR   0x000ffc       data     extern E:\c18v3.46\pic18-lt\cxx-framework\src\traditional\proc\p18f4520.asm
               STKPTRbits   0x000ffc       data     extern E:\c18v3.46\pic18-lt\cxx-framework\src\traditional\proc\p18f4520.asm
                      TOS   0x000ffd       data     extern E:\c18v3.46\pic18-lt\cxx-framework\src\traditional\proc\p18f4520.asm
                     TOSL   0x000ffd       data     extern E:\c18v3.46\pic18-lt\cxx-framework\src\traditional\proc\p18f4520.asm
                     TOSH   0x000ffe       data     extern E:\c18v3.46\pic18-lt\cxx-framework\src\traditional\proc\p18f4520.asm
                     TOSU   0x000fff       data     extern E:\c18v3.46\pic18-lt\cxx-framework\src\traditional\proc\p18f4520.asm


